Archive member included to satisfy reference by file (symbol)

d:/applications/stm32cubeide_1.4.0/stm32cubeide/plugins/com.st.stm32cube.ide.mcu.externaltools.gnu-tools-for-stm32.7-2018-q2-update.win32_1.4.0.202007081208/tools/bin/../lib/gcc/arm-none-eabi/7.3.1/../../../../arm-none-eabi/lib/thumb/v7e-m/fpv4-sp/hard\libc_nano.a(lib_a-errno.o)
                              Core/Src/syscalls.o (__errno)
d:/applications/stm32cubeide_1.4.0/stm32cubeide/plugins/com.st.stm32cube.ide.mcu.externaltools.gnu-tools-for-stm32.7-2018-q2-update.win32_1.4.0.202007081208/tools/bin/../lib/gcc/arm-none-eabi/7.3.1/../../../../arm-none-eabi/lib/thumb/v7e-m/fpv4-sp/hard\libc_nano.a(lib_a-exit.o)
                              d:/applications/stm32cubeide_1.4.0/stm32cubeide/plugins/com.st.stm32cube.ide.mcu.externaltools.gnu-tools-for-stm32.7-2018-q2-update.win32_1.4.0.202007081208/tools/bin/../lib/gcc/arm-none-eabi/7.3.1/../../../../arm-none-eabi/lib/thumb/v7e-m/fpv4-sp/hard/crt0.o (exit)
d:/applications/stm32cubeide_1.4.0/stm32cubeide/plugins/com.st.stm32cube.ide.mcu.externaltools.gnu-tools-for-stm32.7-2018-q2-update.win32_1.4.0.202007081208/tools/bin/../lib/gcc/arm-none-eabi/7.3.1/../../../../arm-none-eabi/lib/thumb/v7e-m/fpv4-sp/hard\libc_nano.a(lib_a-impure.o)
                              d:/applications/stm32cubeide_1.4.0/stm32cubeide/plugins/com.st.stm32cube.ide.mcu.externaltools.gnu-tools-for-stm32.7-2018-q2-update.win32_1.4.0.202007081208/tools/bin/../lib/gcc/arm-none-eabi/7.3.1/../../../../arm-none-eabi/lib/thumb/v7e-m/fpv4-sp/hard\libc_nano.a(lib_a-exit.o) (_global_impure_ptr)
d:/applications/stm32cubeide_1.4.0/stm32cubeide/plugins/com.st.stm32cube.ide.mcu.externaltools.gnu-tools-for-stm32.7-2018-q2-update.win32_1.4.0.202007081208/tools/bin/../lib/gcc/arm-none-eabi/7.3.1/../../../../arm-none-eabi/lib/thumb/v7e-m/fpv4-sp/hard\libc_nano.a(lib_a-init.o)
                              d:/applications/stm32cubeide_1.4.0/stm32cubeide/plugins/com.st.stm32cube.ide.mcu.externaltools.gnu-tools-for-stm32.7-2018-q2-update.win32_1.4.0.202007081208/tools/bin/../lib/gcc/arm-none-eabi/7.3.1/../../../../arm-none-eabi/lib/thumb/v7e-m/fpv4-sp/hard/crt0.o (__libc_init_array)
d:/applications/stm32cubeide_1.4.0/stm32cubeide/plugins/com.st.stm32cube.ide.mcu.externaltools.gnu-tools-for-stm32.7-2018-q2-update.win32_1.4.0.202007081208/tools/bin/../lib/gcc/arm-none-eabi/7.3.1/../../../../arm-none-eabi/lib/thumb/v7e-m/fpv4-sp/hard\libc_nano.a(lib_a-memset.o)
                              d:/applications/stm32cubeide_1.4.0/stm32cubeide/plugins/com.st.stm32cube.ide.mcu.externaltools.gnu-tools-for-stm32.7-2018-q2-update.win32_1.4.0.202007081208/tools/bin/../lib/gcc/arm-none-eabi/7.3.1/../../../../arm-none-eabi/lib/thumb/v7e-m/fpv4-sp/hard/crt0.o (memset)
d:/applications/stm32cubeide_1.4.0/stm32cubeide/plugins/com.st.stm32cube.ide.mcu.externaltools.gnu-tools-for-stm32.7-2018-q2-update.win32_1.4.0.202007081208/tools/bin/../lib/gcc/arm-none-eabi/7.3.1/../../../../arm-none-eabi/lib/thumb/v7e-m/fpv4-sp/hard\libc_nano.a(lib_a-rand.o)
                              Core/Src/main.o (srand)
d:/applications/stm32cubeide_1.4.0/stm32cubeide/plugins/com.st.stm32cube.ide.mcu.externaltools.gnu-tools-for-stm32.7-2018-q2-update.win32_1.4.0.202007081208/tools/bin/../lib/gcc/arm-none-eabi/7.3.1/../../../../arm-none-eabi/lib/thumb/v7e-m/fpv4-sp/hard\libc_nano.a(lib_a-vsnprintf.o)
                              Core/Src/sx1276.o (vsnprintf)
d:/applications/stm32cubeide_1.4.0/stm32cubeide/plugins/com.st.stm32cube.ide.mcu.externaltools.gnu-tools-for-stm32.7-2018-q2-update.win32_1.4.0.202007081208/tools/bin/../lib/gcc/arm-none-eabi/7.3.1/../../../../arm-none-eabi/lib/thumb/v7e-m/fpv4-sp/hard\libc_nano.a(lib_a-malloc.o)
                              d:/applications/stm32cubeide_1.4.0/stm32cubeide/plugins/com.st.stm32cube.ide.mcu.externaltools.gnu-tools-for-stm32.7-2018-q2-update.win32_1.4.0.202007081208/tools/bin/../lib/gcc/arm-none-eabi/7.3.1/../../../../arm-none-eabi/lib/thumb/v7e-m/fpv4-sp/hard\libc_nano.a(lib_a-rand.o) (malloc)
d:/applications/stm32cubeide_1.4.0/stm32cubeide/plugins/com.st.stm32cube.ide.mcu.externaltools.gnu-tools-for-stm32.7-2018-q2-update.win32_1.4.0.202007081208/tools/bin/../lib/gcc/arm-none-eabi/7.3.1/../../../../arm-none-eabi/lib/thumb/v7e-m/fpv4-sp/hard\libc_nano.a(lib_a-nano-freer.o)
                              d:/applications/stm32cubeide_1.4.0/stm32cubeide/plugins/com.st.stm32cube.ide.mcu.externaltools.gnu-tools-for-stm32.7-2018-q2-update.win32_1.4.0.202007081208/tools/bin/../lib/gcc/arm-none-eabi/7.3.1/../../../../arm-none-eabi/lib/thumb/v7e-m/fpv4-sp/hard\libc_nano.a(lib_a-malloc.o) (_free_r)
d:/applications/stm32cubeide_1.4.0/stm32cubeide/plugins/com.st.stm32cube.ide.mcu.externaltools.gnu-tools-for-stm32.7-2018-q2-update.win32_1.4.0.202007081208/tools/bin/../lib/gcc/arm-none-eabi/7.3.1/../../../../arm-none-eabi/lib/thumb/v7e-m/fpv4-sp/hard\libc_nano.a(lib_a-nano-mallocr.o)
[...]
Memory Configuration

Name             Origin             Length             Attributes
RAM              0x0000000020000000 0x0000000000010000 xrw
FLASH            0x0000000008000000 0x0000000000040000 xr
*default*        0x0000000000000000 0xffffffffffffffff

Linker script and memory map

LOAD d:/applications/stm32cubeide_1.4.0/stm32cubeide/plugins/com.st.stm32cube.ide.mcu.externaltools.gnu-tools-for-stm32.7-2018-q2-update.win32_1.4.0.202007081208/tools/bin/../lib/gcc/arm-none-eabi/7.3.1/thumb/v7e-m/fpv4-sp/hard/crti.o
LOAD d:/applications/stm32cubeide_1.4.0/stm32cubeide/plugins/com.st.stm32cube.ide.mcu.externaltools.gnu-tools-for-stm32.7-2018-q2-update.win32_1.4.0.202007081208/tools/bin/../lib/gcc/arm-none-eabi/7.3.1/thumb/v7e-m/fpv4-sp/hard/crtbegin.o
LOAD d:/applications/stm32cubeide_1.4.0/stm32cubeide/plugins/com.st.stm32cube.ide.mcu.externaltools.gnu-tools-for-stm32.7-2018-q2-update.win32_1.4.0.202007081208/tools/bin/../lib/gcc/arm-none-eabi/7.3.1/../../../../arm-none-eabi/lib/thumb/v7e-m/fpv4-sp/hard/crt0.o
LOAD Core/Src/main.o
LOAD Core/Src/polkadot.o
LOAD Core/Src/stm32f4xx_hal_msp.o
LOAD Core/Src/stm32f4xx_it.o
LOAD Core/Src/sx1276.o
LOAD Core/Src/syscalls.o
LOAD Core/Src/sysmem.o
LOAD Core/Src/system_stm32f4xx.o
LOAD Core/Startup/startup_stm32f401ccux.o
LOAD Drivers/STM32F4xx_HAL_Driver/Src/stm32f4xx_hal.o
LOAD Drivers/STM32F4xx_HAL_Driver/Src/stm32f4xx_hal_adc.o
LOAD Drivers/STM32F4xx_HAL_Driver/Src/stm32f4xx_hal_adc_ex.o
LOAD Drivers/STM32F4xx_HAL_Driver/Src/stm32f4xx_hal_cortex.o
LOAD Drivers/STM32F4xx_HAL_Driver/Src/stm32f4xx_hal_dma.o
LOAD Drivers/STM32F4xx_HAL_Driver/Src/stm32f4xx_hal_dma_ex.o
LOAD Drivers/STM32F4xx_HAL_Driver/Src/stm32f4xx_hal_exti.o
LOAD Drivers/STM32F4xx_HAL_Driver/Src/stm32f4xx_hal_flash.o
LOAD Drivers/STM32F4xx_HAL_Driver/Src/stm32f4xx_hal_flash_ex.o
LOAD Drivers/STM32F4xx_HAL_Driver/Src/stm32f4xx_hal_flash_ramfunc.o
LOAD Drivers/STM32F4xx_HAL_Driver/Src/stm32f4xx_hal_gpio.o
LOAD Drivers/STM32F4xx_HAL_Driver/Src/stm32f4xx_hal_pwr.o
LOAD Drivers/STM32F4xx_HAL_Driver/Src/stm32f4xx_hal_pwr_ex.o
LOAD Drivers/STM32F4xx_HAL_Driver/Src/stm32f4xx_hal_rcc.o
LOAD Drivers/STM32F4xx_HAL_Driver/Src/stm32f4xx_hal_rcc_ex.o
LOAD Drivers/STM32F4xx_HAL_Driver/Src/stm32f4xx_hal_rtc.o
LOAD Drivers/STM32F4xx_HAL_Driver/Src/stm32f4xx_hal_rtc_ex.o
LOAD Drivers/STM32F4xx_HAL_Driver/Src/stm32f4xx_hal_spi.o
LOAD Drivers/STM32F4xx_HAL_Driver/Src/stm32f4xx_hal_tim.o
LOAD Drivers/STM32F4xx_HAL_Driver/Src/stm32f4xx_hal_tim_ex.o
LOAD Drivers/STM32F4xx_HAL_Driver/Src/stm32f4xx_hal_uart.o
START GROUP
LOAD d:/applications/stm32cubeide_1.4.0/stm32cubeide/plugins/com.st.stm32cube.ide.mcu.externaltools.gnu-tools-for-stm32.7-2018-q2-update.win32_1.4.0.202007081208/tools/bin/../lib/gcc/arm-none-eabi/7.3.1/../../../../arm-none-eabi/lib/thumb/v7e-m/fpv4-sp/hard\libc_nano.a
LOAD d:/applications/stm32cubeide_1.4.0/stm32cubeide/plugins/com.st.stm32cube.ide.mcu.externaltools.gnu-tools-for-stm32.7-2018-q2-update.win32_1.4.0.202007081208/tools/bin/../lib/gcc/arm-none-eabi/7.3.1/../../../../arm-none-eabi/lib/thumb/v7e-m/fpv4-sp/hard\libm.a
END GROUP
START GROUP
LOAD d:/applications/stm32cubeide_1.4.0/stm32cubeide/plugins/com.st.stm32cube.ide.mcu.externaltools.gnu-tools-for-stm32.7-2018-q2-update.win32_1.4.0.202007081208/tools/bin/../lib/gcc/arm-none-eabi/7.3.1/thumb/v7e-m/fpv4-sp/hard\libgcc.a
LOAD d:/applications/stm32cubeide_1.4.0/stm32cubeide/plugins/com.st.stm32cube.ide.mcu.externaltools.gnu-tools-for-stm32.7-2018-q2-update.win32_1.4.0.202007081208/tools/bin/../lib/gcc/arm-none-eabi/7.3.1/../../../../arm-none-eabi/lib/thumb/v7e-m/fpv4-sp/hard\libc_nano.a
END GROUP
START GROUP
LOAD d:/applications/stm32cubeide_1.4.0/stm32cubeide/plugins/com.st.stm32cube.ide.mcu.externaltools.gnu-tools-for-stm32.7-2018-q2-update.win32_1.4.0.202007081208/tools/bin/../lib/gcc/arm-none-eabi/7.3.1/thumb/v7e-m/fpv4-sp/hard\libgcc.a
LOAD d:/applications/stm32cubeide_1.4.0/stm32cubeide/plugins/com.st.stm32cube.ide.mcu.externaltools.gnu-tools-for-stm32.7-2018-q2-update.win32_1.4.0.202007081208/tools/bin/../lib/gcc/arm-none-eabi/7.3.1/../../../../arm-none-eabi/lib/thumb/v7e-m/fpv4-sp/hard\libc_nano.a
LOAD d:/applications/stm32cubeide_1.4.0/stm32cubeide/plugins/com.st.stm32cube.ide.mcu.externaltools.gnu-tools-for-stm32.7-2018-q2-update.win32_1.4.0.202007081208/tools/bin/../lib/gcc/arm-none-eabi/7.3.1/../../../../arm-none-eabi/lib/thumb/v7e-m/fpv4-sp/hard\libnosys.a
END GROUP
START GROUP
LOAD d:/applications/stm32cubeide_1.4.0/stm32cubeide/plugins/com.st.stm32cube.ide.mcu.externaltools.gnu-tools-for-stm32.7-2018-q2-update.win32_1.4.0.202007081208/tools/bin/../lib/gcc/arm-none-eabi/7.3.1/thumb/v7e-m/fpv4-sp/hard\libgcc.a
LOAD d:/applications/stm32cubeide_1.4.0/stm32cubeide/plugins/com.st.stm32cube.ide.mcu.externaltools.gnu-tools-for-stm32.7-2018-q2-update.win32_1.4.0.202007081208/tools/bin/../lib/gcc/arm-none-eabi/7.3.1/../../../../arm-none-eabi/lib/thumb/v7e-m/fpv4-sp/hard\libc_nano.a
LOAD d:/applications/stm32cubeide_1.4.0/stm32cubeide/plugins/com.st.stm32cube.ide.mcu.externaltools.gnu-tools-for-stm32.7-2018-q2-update.win32_1.4.0.202007081208/tools/bin/../lib/gcc/arm-none-eabi/7.3.1/../../../../arm-none-eabi/lib/thumb/v7e-m/fpv4-sp/hard\libnosys.a
END GROUP
LOAD d:/applications/stm32cubeide_1.4.0/stm32cubeide/plugins/com.st.stm32cube.ide.mcu.externaltools.gnu-tools-for-stm32.7-2018-q2-update.win32_1.4.0.202007081208/tools/bin/../lib/gcc/arm-none-eabi/7.3.1/thumb/v7e-m/fpv4-sp/hard/crtend.o
LOAD d:/applications/stm32cubeide_1.4.0/stm32cubeide/plugins/com.st.stm32cube.ide.mcu.externaltools.gnu-tools-for-stm32.7-2018-q2-update.win32_1.4.0.202007081208/tools/bin/../lib/gcc/arm-none-eabi/7.3.1/thumb/v7e-m/fpv4-sp/hard/crtn.o
                0x0000000020010000                _estack = (ORIGIN (RAM) + LENGTH (RAM))
                0x0000000000000200                _Min_Heap_Size = 0x200
                0x0000000000000400                _Min_Stack_Size = 0x400

.isr_vector     0x0000000008000000      0x194
                0x0000000008000000                . = ALIGN (0x4)
 *(.isr_vector)
 .isr_vector    0x0000000008000000      0x194 Core/Startup/startup_stm32f401ccux.o
                0x0000000008000000                g_pfnVectors
                0x0000000008000194                . = ALIGN (0x4)

.text           0x00000000080001a0     0x6630
                0x00000000080001a0                . = ALIGN (0x4)
 *(.text)
 .text          0x00000000080001a0       0x40 d:/applications/stm32cubeide_1.4.0/stm32cubeide/plugins/com.st.stm32cube.ide.mcu.externaltools.gnu-tools-for-stm32.7-2018-q2-update.win32_1.4.0.202007081208/tools/bin/../lib/gcc/arm-none-eabi/7.3.1/thumb/v7e-m/fpv4-sp/hard/crtbegin.o
 .text          0x00000000080001e0       0xa0 d:/applications/stm32cubeide_1.4.0/stm32cubeide/plugins/com.st.stm32cube.ide.mcu.externaltools.gnu-tools-for-stm32.7-2018-q2-update.win32_1.4.0.202007081208/tools/bin/../lib/gcc/arm-none-eabi/7.3.1/../../../../arm-none-eabi/lib/thumb/v7e-m/fpv4-sp/hard\libc_nano.a(lib_a-memchr.o)
                0x00000000080001e0                memchr
 .text          0x0000000008000280       0x30 d:/applications/stm32cubeide_1.4.0/stm32cubeide/plugins/com.st.stm32cube.ide.mcu.externaltools.gnu-tools-for-stm32.7-2018-q2-update.win32_1.4.0.202007081208/tools/bin/../lib/gcc/arm-none-eabi/7.3.1/thumb/v7e-m/fpv4-sp/hard\libgcc.a(_aeabi_uldivmod.o)
                0x0000000008000280                __aeabi_uldivmod
 .text          0x00000000080002b0      0x2cc d:/applications/stm32cubeide_1.4.0/stm32cubeide/plugins/com.st.stm32cube.ide.mcu.externaltools.gnu-tools-for-stm32.7-2018-q2-update.win32_1.4.0.202007081208/tools/bin/../lib/gcc/arm-none-eabi/7.3.1/thumb/v7e-m/fpv4-sp/hard\libgcc.a(_udivmoddi4.o)
                0x00000000080002b0                __udivmoddi4
 .text          0x000000000800057c        0x4 d:/applications/stm32cubeide_1.4.0/stm32cubeide/plugins/com.st.stm32cube.ide.mcu.externaltools.gnu-tools-for-stm32.7-2018-q2-update.win32_1.4.0.202007081208/tools/bin/../lib/gcc/arm-none-eabi/7.3.1/thumb/v7e-m/fpv4-sp/hard\libgcc.a(_dvmd_tls.o)
                0x000000000800057c                __aeabi_idiv0
                0x000000000800057c                __aeabi_ldiv0
 *(.text*)
 .text.main     0x0000000008000580      0x128 Core/Src/main.o
                0x0000000008000580                main
 .text.SystemClock_Config
                0x00000000080006a8       0xf0 Core/Src/main.o
                0x00000000080006a8                SystemClock_Config
 .text.MX_ADC1_Init
                0x0000000008000798       0xa4 Core/Src/main.o
 .text.MX_RTC_Init
                0x000000000800083c       0x4c Core/Src/main.o
 .text.MX_SPI1_Init
                0x0000000008000888       0x6c Core/Src/main.o
 .text.MX_SPI2_Init
                0x00000000080008f4       0x64 Core/Src/main.o
 .text.MX_USART1_UART_Init
                0x0000000008000958       0x54 Core/Src/main.o
 .text.MX_DMA_Init
                0x00000000080009ac       0x40 Core/Src/main.o
 .text.MX_GPIO_Init
                0x00000000080009ec      0x160 Core/Src/main.o
 .text.HAL_GPIO_EXTI_Callback
                0x0000000008000b4c       0x28 Core/Src/main.o
                0x0000000008000b4c                HAL_GPIO_EXTI_Callback
 .text.readTemp
                0x0000000008000b74       0x38 Core/Src/main.o
                0x0000000008000b74                readTemp
 .text.DATA_RX_HANDLER
                0x0000000008000bac       0x68 Core/Src/main.o
                0x0000000008000bac                DATA_RX_HANDLER
 .text.Error_Handler
                0x0000000008000c14        0xe Core/Src/main.o
                0x0000000008000c14                Error_Handler
 *fill*         0x0000000008000c22        0x2 
 .text.polkadot_init
                0x0000000008000c24       0x58 Core/Src/polkadot.o
                0x0000000008000c24                polkadot_init
 .text.mesh_transmit
                0x0000000008000c7c      0x124 Core/Src/polkadot.o
                0x0000000008000c7c                mesh_transmit
 .text.mesh_send_data
                0x0000000008000da0       0xf4 Core/Src/polkadot.o
                0x0000000008000da0                mesh_send_data
 .text.mesh_send_rreq
                0x0000000008000e94       0x94 Core/Src/polkadot.o
                0x0000000008000e94                mesh_send_rreq
 .text.mesh_send_rrep
                0x0000000008000f28       0x84 Core/Src/polkadot.o
                0x0000000008000f28                mesh_send_rrep
 .text.mesh_send_hello
                0x0000000008000fac       0x3c Core/Src/polkadot.o
                0x0000000008000fac                mesh_send_hello
 .text.format_packet_data
                0x0000000008000fe8      0x160 Core/Src/polkadot.o
                0x0000000008000fe8                format_packet_data
 .text.format_packet_rreq
                0x0000000008001148      0x12c Core/Src/polkadot.o
                0x0000000008001148                format_packet_rreq
 .text.format_packet_rrep
                0x0000000008001274      0x12c Core/Src/polkadot.o
                0x0000000008001274                format_packet_rrep
 .text.unpack_packet_data
                0x00000000080013a0      0x154 Core/Src/polkadot.o
                0x00000000080013a0                unpack_packet_data
 .text.unpack_packet_rreq
                0x00000000080014f4      0x114 Core/Src/polkadot.o
                0x00000000080014f4                unpack_packet_rreq
 .text.unpack_packet_rrep
                0x0000000008001608      0x114 Core/Src/polkadot.o
                0x0000000008001608                unpack_packet_rrep
 .text.receive_packet_handler
                0x000000000800171c      0x3ec Core/Src/polkadot.o
                0x000000000800171c                receive_packet_handler
 .text.packet_type
                0x0000000008001b08       0x48 Core/Src/polkadot.o
                0x0000000008001b08                packet_type
 .text.rreq_table_append
                0x0000000008001b50       0x48 Core/Src/polkadot.o
                0x0000000008001b50                rreq_table_append
 .text.rreq_table_contains
                0x0000000008001b98       0x44 Core/Src/polkadot.o
                0x0000000008001b98                rreq_table_contains
 .text.route_exists
                0x0000000008001bdc       0x8c Core/Src/polkadot.o
                0x0000000008001bdc                route_exists
 .text.update_route_table
                0x0000000008001c68      0x184 Core/Src/polkadot.o
                0x0000000008001c68                update_route_table
 .text.rand_delay
                0x0000000008001dec        0xe Core/Src/polkadot.o
                0x0000000008001dec                rand_delay
 *fill*         0x0000000008001dfa        0x2 
 .text.get_UID  0x0000000008001dfc       0x3c Core/Src/polkadot.o
                0x0000000008001dfc                get_UID
 .text.HAL_MspInit
                0x0000000008001e38       0x50 Core/Src/stm32f4xx_hal_msp.o
                0x0000000008001e38                HAL_MspInit
 .text.HAL_ADC_MspInit
                0x0000000008001e88       0x44 Core/Src/stm32f4xx_hal_msp.o
                0x0000000008001e88                HAL_ADC_MspInit
 .text.HAL_RTC_MspInit
                0x0000000008001ecc       0x2c Core/Src/stm32f4xx_hal_msp.o
                0x0000000008001ecc                HAL_RTC_MspInit
 .text.HAL_SPI_MspInit
                0x0000000008001ef8      0x170 Core/Src/stm32f4xx_hal_msp.o
                0x0000000008001ef8                HAL_SPI_MspInit
 .text.HAL_UART_MspInit
                0x0000000008002068       0x90 Core/Src/stm32f4xx_hal_msp.o
                0x0000000008002068                HAL_UART_MspInit
 .text.NMI_Handler
                0x00000000080020f8        0xe Core/Src/stm32f4xx_it.o
                0x00000000080020f8                NMI_Handler
 .text.HardFault_Handler
                0x0000000008002106        0x6 Core/Src/stm32f4xx_it.o
                0x0000000008002106                HardFault_Handler
 .text.MemManage_Handler
                0x000000000800210c        0x6 Core/Src/stm32f4xx_it.o
                0x000000000800210c                MemManage_Handler
 .text.BusFault_Handler
                0x0000000008002112        0x6 Core/Src/stm32f4xx_it.o
                0x0000000008002112                BusFault_Handler
 .text.UsageFault_Handler
                0x0000000008002118        0x6 Core/Src/stm32f4xx_it.o
                0x0000000008002118                UsageFault_Handler
 .text.SVC_Handler
                0x000000000800211e        0xe Core/Src/stm32f4xx_it.o
                0x000000000800211e                SVC_Handler
 .text.DebugMon_Handler
                0x000000000800212c        0xe Core/Src/stm32f4xx_it.o
                0x000000000800212c                DebugMon_Handler
 .text.PendSV_Handler
                0x000000000800213a        0xe Core/Src/stm32f4xx_it.o
                0x000000000800213a                PendSV_Handler
 .text.SysTick_Handler
                0x0000000008002148        0xc Core/Src/stm32f4xx_it.o
                0x0000000008002148                SysTick_Handler
 .text.EXTI0_IRQHandler
                0x0000000008002154        0xe Core/Src/stm32f4xx_it.o
                0x0000000008002154                EXTI0_IRQHandler
 *fill*         0x0000000008002162        0x2 
 .text.DMA1_Stream4_IRQHandler
                0x0000000008002164       0x14 Core/Src/stm32f4xx_it.o
                0x0000000008002164                DMA1_Stream4_IRQHandler
 .text.SPI2_IRQHandler
                0x0000000008002178       0x14 Core/Src/stm32f4xx_it.o
                0x0000000008002178                SPI2_IRQHandler
 .text.EXTI15_10_IRQHandler
                0x000000000800218c       0x10 Core/Src/stm32f4xx_it.o
                0x000000000800218c                EXTI15_10_IRQHandler
 .text.SX1276_Write_Register
                0x000000000800219c       0x94 Core/Src/sx1276.o
                0x000000000800219c                SX1276_Write_Register
 .text.SX1276_Write_Burst
                0x0000000008002230       0x7c Core/Src/sx1276.o
                0x0000000008002230                SX1276_Write_Burst
 .text.SX1276_Read_Register
                0x00000000080022ac       0x6c Core/Src/sx1276.o
                0x00000000080022ac                SX1276_Read_Register
 .text.SX1276_Read_Burst
                0x0000000008002318       0x70 Core/Src/sx1276.o
                0x0000000008002318                SX1276_Read_Burst
 .text.SX1276_Init
                0x0000000008002388       0x9c Core/Src/sx1276.o
                0x0000000008002388                SX1276_Init
 .text.SX1276_Set_Mode
                0x0000000008002424       0x48 Core/Src/sx1276.o
                0x0000000008002424                SX1276_Set_Mode
 .text.SX1276_Set_Sync_Word
                0x000000000800246c       0x34 Core/Src/sx1276.o
                0x000000000800246c                SX1276_Set_Sync_Word
 .text.SX1276_Set_Premble_Length
                0x00000000080024a0       0x58 Core/Src/sx1276.o
                0x00000000080024a0                SX1276_Set_Premble_Length
 .text.SX1276_Transmit_Blocking
                0x00000000080024f8       0xd8 Core/Src/sx1276.o
                0x00000000080024f8                SX1276_Transmit_Blocking
 .text.SX1276_Start_Receive
                0x00000000080025d0       0x90 Core/Src/sx1276.o
                0x00000000080025d0                SX1276_Start_Receive
 .text.DEBUG_PRINT
                0x0000000008002660       0x4c Core/Src/sx1276.o
                0x0000000008002660                DEBUG_PRINT
 .text._sbrk    0x00000000080026ac       0x6c Core/Src/sysmem.o
                0x00000000080026ac                _sbrk
 .text.SystemInit
                0x0000000008002718       0x2c Core/Src/system_stm32f4xx.o
                0x0000000008002718                SystemInit
 .text.Reset_Handler
                0x0000000008002744       0x50 Core/Startup/startup_stm32f401ccux.o
                0x0000000008002744                Reset_Handler
 .text.Default_Handler
                0x0000000008002794        0x2 Core/Startup/startup_stm32f401ccux.o
                0x0000000008002794                RTC_Alarm_IRQHandler
                0x0000000008002794                EXTI2_IRQHandler
                0x0000000008002794                SPI4_IRQHandler
                0x0000000008002794                TIM1_CC_IRQHandler
                0x0000000008002794                DMA2_Stream5_IRQHandler
                0x0000000008002794                DMA1_Stream5_IRQHandler
                0x0000000008002794                PVD_IRQHandler
                0x0000000008002794                SDIO_IRQHandler
                0x0000000008002794                TAMP_STAMP_IRQHandler
                0x0000000008002794                EXTI3_IRQHandler
                0x0000000008002794                TIM1_UP_TIM10_IRQHandler
                0x0000000008002794                I2C3_ER_IRQHandler
                0x0000000008002794                I2C2_EV_IRQHandler
                0x0000000008002794                DMA1_Stream2_IRQHandler
                0x0000000008002794                FPU_IRQHandler
                0x0000000008002794                DMA2_Stream2_IRQHandler
                0x0000000008002794                SPI1_IRQHandler
                0x0000000008002794                TIM1_BRK_TIM9_IRQHandler
                0x0000000008002794                DMA2_Stream3_IRQHandler
                0x0000000008002794                USART6_IRQHandler
                0x0000000008002794                DMA2_Stream0_IRQHandler
                0x0000000008002794                TIM4_IRQHandler
                0x0000000008002794                I2C1_EV_IRQHandler
                0x0000000008002794                DMA1_Stream6_IRQHandler
                0x0000000008002794                DMA1_Stream1_IRQHandler
                0x0000000008002794                TIM3_IRQHandler
                0x0000000008002794                RCC_IRQHandler
                0x0000000008002794                Default_Handler
                0x0000000008002794                ADC_IRQHandler
                0x0000000008002794                DMA1_Stream7_IRQHandler
                0x0000000008002794                TIM5_IRQHandler
                0x0000000008002794                DMA2_Stream7_IRQHandler
                0x0000000008002794                I2C3_EV_IRQHandler
                0x0000000008002794                EXTI9_5_IRQHandler
                0x0000000008002794                RTC_WKUP_IRQHandler
                0x0000000008002794                DMA1_Stream0_IRQHandler
                0x0000000008002794                EXTI4_IRQHandler
                0x0000000008002794                WWDG_IRQHandler
                0x0000000008002794                TIM2_IRQHandler
                0x0000000008002794                OTG_FS_WKUP_IRQHandler
                0x0000000008002794                TIM1_TRG_COM_TIM11_IRQHandler
                0x0000000008002794                EXTI1_IRQHandler
                0x0000000008002794                USART2_IRQHandler
                0x0000000008002794                I2C2_ER_IRQHandler
                0x0000000008002794                DMA2_Stream1_IRQHandler
                0x0000000008002794                FLASH_IRQHandler
                0x0000000008002794                DMA2_Stream4_IRQHandler
                0x0000000008002794                USART1_IRQHandler
                0x0000000008002794                OTG_FS_IRQHandler
                0x0000000008002794                SPI3_IRQHandler
                0x0000000008002794                I2C1_ER_IRQHandler
                0x0000000008002794                DMA2_Stream6_IRQHandler
                0x0000000008002794                DMA1_Stream3_IRQHandler
 *fill*         0x0000000008002796        0x2 
 .text.HAL_Init
                0x0000000008002798       0x44 Drivers/STM32F4xx_HAL_Driver/Src/stm32f4xx_hal.o
                0x0000000008002798                HAL_Init
 .text.HAL_InitTick
                0x00000000080027dc       0x60 Drivers/STM32F4xx_HAL_Driver/Src/stm32f4xx_hal.o
                0x00000000080027dc                HAL_InitTick
 .text.HAL_IncTick
                0x000000000800283c       0x28 Drivers/STM32F4xx_HAL_Driver/Src/stm32f4xx_hal.o
                0x000000000800283c                HAL_IncTick
 .text.HAL_GetTick
                0x0000000008002864       0x18 Drivers/STM32F4xx_HAL_Driver/Src/stm32f4xx_hal.o
                0x0000000008002864                HAL_GetTick
 .text.HAL_Delay
                0x000000000800287c       0x44 Drivers/STM32F4xx_HAL_Driver/Src/stm32f4xx_hal.o
                0x000000000800287c                HAL_Delay
 .text.HAL_ADC_Init
                0x00000000080028c0       0x86 Drivers/STM32F4xx_HAL_Driver/Src/stm32f4xx_hal_adc.o
                0x00000000080028c0                HAL_ADC_Init
 *fill*         0x0000000008002946        0x2 
 .text.HAL_ADC_Start
                0x0000000008002948      0x14c Drivers/STM32F4xx_HAL_Driver/Src/stm32f4xx_hal_adc.o
                0x0000000008002948                HAL_ADC_Start
 .text.HAL_ADC_PollForConversion
                0x0000000008002a94      0x108 Drivers/STM32F4xx_HAL_Driver/Src/stm32f4xx_hal_adc.o
                0x0000000008002a94                HAL_ADC_PollForConversion
 .text.HAL_ADC_GetValue
                0x0000000008002b9c       0x1a Drivers/STM32F4xx_HAL_Driver/Src/stm32f4xx_hal_adc.o
                0x0000000008002b9c                HAL_ADC_GetValue
 *fill*         0x0000000008002bb6        0x2 
 .text.HAL_ADC_ConfigChannel
                0x0000000008002bb8      0x244 Drivers/STM32F4xx_HAL_Driver/Src/stm32f4xx_hal_adc.o
                0x0000000008002bb8                HAL_ADC_ConfigChannel
 .text.ADC_Init
                0x0000000008002dfc      0x1f8 Drivers/STM32F4xx_HAL_Driver/Src/stm32f4xx_hal_adc.o
 .text.__NVIC_SetPriorityGrouping
                0x0000000008002ff4       0x48 Drivers/STM32F4xx_HAL_Driver/Src/stm32f4xx_hal_cortex.o
 .text.__NVIC_GetPriorityGrouping
                0x000000000800303c       0x1c Drivers/STM32F4xx_HAL_Driver/Src/stm32f4xx_hal_cortex.o
 .text.__NVIC_EnableIRQ
                0x0000000008003058       0x3c Drivers/STM32F4xx_HAL_Driver/Src/stm32f4xx_hal_cortex.o
 .text.__NVIC_SetPriority
                0x0000000008003094       0x54 Drivers/STM32F4xx_HAL_Driver/Src/stm32f4xx_hal_cortex.o
 .text.NVIC_EncodePriority
                0x00000000080030e8       0x66 Drivers/STM32F4xx_HAL_Driver/Src/stm32f4xx_hal_cortex.o
 *fill*         0x000000000800314e        0x2 
 .text.SysTick_Config
                0x0000000008003150       0x44 Drivers/STM32F4xx_HAL_Driver/Src/stm32f4xx_hal_cortex.o
 .text.HAL_NVIC_SetPriorityGrouping
                0x0000000008003194       0x16 Drivers/STM32F4xx_HAL_Driver/Src/stm32f4xx_hal_cortex.o
                0x0000000008003194                HAL_NVIC_SetPriorityGrouping
 .text.HAL_NVIC_SetPriority
                0x00000000080031aa       0x38 Drivers/STM32F4xx_HAL_Driver/Src/stm32f4xx_hal_cortex.o
                0x00000000080031aa                HAL_NVIC_SetPriority
 .text.HAL_NVIC_EnableIRQ
                0x00000000080031e2       0x1c Drivers/STM32F4xx_HAL_Driver/Src/stm32f4xx_hal_cortex.o
                0x00000000080031e2                HAL_NVIC_EnableIRQ
 .text.HAL_SYSTICK_Config
                0x00000000080031fe       0x18 Drivers/STM32F4xx_HAL_Driver/Src/stm32f4xx_hal_cortex.o
                0x00000000080031fe                HAL_SYSTICK_Config
 *fill*         0x0000000008003216        0x2 
 .text.HAL_DMA_Init
                0x0000000008003218      0x15c Drivers/STM32F4xx_HAL_Driver/Src/stm32f4xx_hal_dma.o
                0x0000000008003218                HAL_DMA_Init
 .text.HAL_DMA_Abort_IT
                0x0000000008003374       0x44 Drivers/STM32F4xx_HAL_Driver/Src/stm32f4xx_hal_dma.o
                0x0000000008003374                HAL_DMA_Abort_IT
 .text.HAL_DMA_IRQHandler
                0x00000000080033b8      0x314 Drivers/STM32F4xx_HAL_Driver/Src/stm32f4xx_hal_dma.o
                0x00000000080033b8                HAL_DMA_IRQHandler
 .text.DMA_CalcBaseAndBitshift
                0x00000000080036cc       0x6c Drivers/STM32F4xx_HAL_Driver/Src/stm32f4xx_hal_dma.o
 .text.DMA_CheckFifoParam
                0x0000000008003738       0xf4 Drivers/STM32F4xx_HAL_Driver/Src/stm32f4xx_hal_dma.o
 .text.HAL_GPIO_Init
                0x000000000800382c      0x304 Drivers/STM32F4xx_HAL_Driver/Src/stm32f4xx_hal_gpio.o
                0x000000000800382c                HAL_GPIO_Init
 .text.HAL_GPIO_WritePin
                0x0000000008003b30       0x32 Drivers/STM32F4xx_HAL_Driver/Src/stm32f4xx_hal_gpio.o
                0x0000000008003b30                HAL_GPIO_WritePin
 *fill*         0x0000000008003b62        0x2 
 .text.HAL_GPIO_EXTI_IRQHandler
                0x0000000008003b64       0x30 Drivers/STM32F4xx_HAL_Driver/Src/stm32f4xx_hal_gpio.o
                0x0000000008003b64                HAL_GPIO_EXTI_IRQHandler
 .text.HAL_RCC_OscConfig
                0x0000000008003b94      0x4e0 Drivers/STM32F4xx_HAL_Driver/Src/stm32f4xx_hal_rcc.o
                0x0000000008003b94                HAL_RCC_OscConfig
 .text.HAL_RCC_ClockConfig
                0x0000000008004074      0x1cc Drivers/STM32F4xx_HAL_Driver/Src/stm32f4xx_hal_rcc.o
                0x0000000008004074                HAL_RCC_ClockConfig
 .text.HAL_RCC_GetSysClockFreq
                0x0000000008004240      0x1ac Drivers/STM32F4xx_HAL_Driver/Src/stm32f4xx_hal_rcc.o
                0x0000000008004240                HAL_RCC_GetSysClockFreq
 .text.HAL_RCC_GetHCLKFreq
                0x00000000080043ec       0x18 Drivers/STM32F4xx_HAL_Driver/Src/stm32f4xx_hal_rcc.o
                0x00000000080043ec                HAL_RCC_GetHCLKFreq
 .text.HAL_RCC_GetPCLK1Freq
                0x0000000008004404       0x28 Drivers/STM32F4xx_HAL_Driver/Src/stm32f4xx_hal_rcc.o
                0x0000000008004404                HAL_RCC_GetPCLK1Freq
 .text.HAL_RCC_GetPCLK2Freq
                0x000000000800442c       0x28 Drivers/STM32F4xx_HAL_Driver/Src/stm32f4xx_hal_rcc.o
                0x000000000800442c                HAL_RCC_GetPCLK2Freq
 .text.HAL_RCCEx_PeriphCLKConfig
                0x0000000008004454      0x1dc Drivers/STM32F4xx_HAL_Driver/Src/stm32f4xx_hal_rcc_ex.o
                0x0000000008004454                HAL_RCCEx_PeriphCLKConfig
 .text.HAL_RTC_Init
                0x0000000008004630      0x122 Drivers/STM32F4xx_HAL_Driver/Src/stm32f4xx_hal_rtc.o
                0x0000000008004630                HAL_RTC_Init
 .text.HAL_RTC_WaitForSynchro
                0x0000000008004752       0x50 Drivers/STM32F4xx_HAL_Driver/Src/stm32f4xx_hal_rtc.o
                0x0000000008004752                HAL_RTC_WaitForSynchro
 .text.RTC_EnterInitMode
                0x00000000080047a2       0x58 Drivers/STM32F4xx_HAL_Driver/Src/stm32f4xx_hal_rtc.o
                0x00000000080047a2                RTC_EnterInitMode
 .text.HAL_SPI_Init
                0x00000000080047fa       0xc8 Drivers/STM32F4xx_HAL_Driver/Src/stm32f4xx_hal_spi.o
                0x00000000080047fa                HAL_SPI_Init
 .text.HAL_SPI_Transmit
                0x00000000080048c2      0x268 Drivers/STM32F4xx_HAL_Driver/Src/stm32f4xx_hal_spi.o
                0x00000000080048c2                HAL_SPI_Transmit
 .text.HAL_SPI_Receive
                0x0000000008004b2a      0x212 Drivers/STM32F4xx_HAL_Driver/Src/stm32f4xx_hal_spi.o
                0x0000000008004b2a                HAL_SPI_Receive
 .text.HAL_SPI_TransmitReceive
                0x0000000008004d3c      0x344 Drivers/STM32F4xx_HAL_Driver/Src/stm32f4xx_hal_spi.o
                0x0000000008004d3c                HAL_SPI_TransmitReceive
 .text.HAL_SPI_IRQHandler
                0x0000000008005080      0x200 Drivers/STM32F4xx_HAL_Driver/Src/stm32f4xx_hal_spi.o
                0x0000000008005080                HAL_SPI_IRQHandler
 .text.HAL_SPI_ErrorCallback
                0x0000000008005280       0x14 Drivers/STM32F4xx_HAL_Driver/Src/stm32f4xx_hal_spi.o
                0x0000000008005280                HAL_SPI_ErrorCallback
 .text.HAL_SPI_GetState
                0x0000000008005294       0x1c Drivers/STM32F4xx_HAL_Driver/Src/stm32f4xx_hal_spi.o
                0x0000000008005294                HAL_SPI_GetState
 .text.SPI_DMAAbortOnError
                0x00000000080052b0       0x28 Drivers/STM32F4xx_HAL_Driver/Src/stm32f4xx_hal_spi.o
 .text.SPI_WaitFlagStateUntilTimeout
                0x00000000080052d8       0xd4 Drivers/STM32F4xx_HAL_Driver/Src/stm32f4xx_hal_spi.o
 .text.SPI_EndRxTransaction
                0x00000000080053ac       0xca Drivers/STM32F4xx_HAL_Driver/Src/stm32f4xx_hal_spi.o
 *fill*         0x0000000008005476        0x2 
 .text.SPI_EndRxTxTransaction
                0x0000000008005478       0x84 Drivers/STM32F4xx_HAL_Driver/Src/stm32f4xx_hal_spi.o
 .text.HAL_UART_Init
                0x00000000080054fc       0x9a Drivers/STM32F4xx_HAL_Driver/Src/stm32f4xx_hal_uart.o
                0x00000000080054fc                HAL_UART_Init
 .text.HAL_UART_Transmit
                0x0000000008005596      0x132 Drivers/STM32F4xx_HAL_Driver/Src/stm32f4xx_hal_uart.o
                0x0000000008005596                HAL_UART_Transmit
 .text.UART_WaitOnFlagUntilTimeout
                0x00000000080056c8       0x94 Drivers/STM32F4xx_HAL_Driver/Src/stm32f4xx_hal_uart.o
 .text.UART_SetConfig
                0x000000000800575c      0x6f8 Drivers/STM32F4xx_HAL_Driver/Src/stm32f4xx_hal_uart.o
 .text.__errno  0x0000000008005e54        0xc d:/applications/stm32cubeide_1.4.0/stm32cubeide/plugins/com.st.stm32cube.ide.mcu.externaltools.gnu-tools-for-stm32.7-2018-q2-update.win32_1.4.0.202007081208/tools/bin/../lib/gcc/arm-none-eabi/7.3.1/../../../../arm-none-eabi/lib/thumb/v7e-m/fpv4-sp/hard\libc_nano.a(lib_a-errno.o)
                0x0000000008005e54                __errno
 .text.__libc_init_array
                0x0000000008005e60       0x48 d:/applications/stm32cubeide_1.4.0/stm32cubeide/plugins/com.st.stm32cube.ide.mcu.externaltools.gnu-tools-for-stm32.7-2018-q2-update.win32_1.4.0.202007081208/tools/bin/../lib/gcc/arm-none-eabi/7.3.1/../../../../arm-none-eabi/lib/thumb/v7e-m/fpv4-sp/hard\libc_nano.a(lib_a-init.o)
                0x0000000008005e60                __libc_init_array
 .text.memset   0x0000000008005ea8       0x10 d:/applications/stm32cubeide_1.4.0/stm32cubeide/plugins/com.st.stm32cube.ide.mcu.externaltools.gnu-tools-for-stm32.7-2018-q2-update.win32_1.4.0.202007081208/tools/bin/../lib/gcc/arm-none-eabi/7.3.1/../../../../arm-none-eabi/lib/thumb/v7e-m/fpv4-sp/hard\libc_nano.a(lib_a-memset.o)
                0x0000000008005ea8                memset
 .text.srand    0x0000000008005eb8       0x48 d:/applications/stm32cubeide_1.4.0/stm32cubeide/plugins/com.st.stm32cube.ide.mcu.externaltools.gnu-tools-for-stm32.7-2018-q2-update.win32_1.4.0.202007081208/tools/bin/../lib/gcc/arm-none-eabi/7.3.1/../../../../arm-none-eabi/lib/thumb/v7e-m/fpv4-sp/hard\libc_nano.a(lib_a-rand.o)
                0x0000000008005eb8                srand
 .text.rand     0x0000000008005f00       0x68 d:/applications/stm32cubeide_1.4.0/stm32cubeide/plugins/com.st.stm32cube.ide.mcu.externaltools.gnu-tools-for-stm32.7-2018-q2-update.win32_1.4.0.202007081208/tools/bin/../lib/gcc/arm-none-eabi/7.3.1/../../../../arm-none-eabi/lib/thumb/v7e-m/fpv4-sp/hard\libc_nano.a(lib_a-rand.o)
                0x0000000008005f00                rand
 .text._vsnprintf_r
                0x0000000008005f68       0x58 d:/applications/stm32cubeide_1.4.0/stm32cubeide/plugins/com.st.stm32cube.ide.mcu.externaltools.gnu-tools-for-stm32.7-2018-q2-update.win32_1.4.0.202007081208/tools/bin/../lib/gcc/arm-none-eabi/7.3.1/../../../../arm-none-eabi/lib/thumb/v7e-m/fpv4-sp/hard\libc_nano.a(lib_a-vsnprintf.o)
                0x0000000008005f68                _vsniprintf_r
                0x0000000008005f68                _vsnprintf_r
 .text.vsnprintf
                0x0000000008005fc0       0x1c d:/applications/stm32cubeide_1.4.0/stm32cubeide/plugins/com.st.stm32cube.ide.mcu.externaltools.gnu-tools-for-stm32.7-2018-q2-update.win32_1.4.0.202007081208/tools/bin/../lib/gcc/arm-none-eabi/7.3.1/../../../../arm-none-eabi/lib/thumb/v7e-m/fpv4-sp/hard\libc_nano.a(lib_a-vsnprintf.o)
                0x0000000008005fc0                vsniprintf
                0x0000000008005fc0                vsnprintf
 .text.malloc   0x0000000008005fdc       0x10 d:/applications/stm32cubeide_1.4.0/stm32cubeide/plugins/com.st.stm32cube.ide.mcu.externaltools.gnu-tools-for-stm32.7-2018-q2-update.win32_1.4.0.202007081208/tools/bin/../lib/gcc/arm-none-eabi/7.3.1/../../../../arm-none-eabi/lib/thumb/v7e-m/fpv4-sp/hard\libc_nano.a(lib_a-malloc.o)
                0x0000000008005fdc                malloc
 .text._free_r  0x0000000008005fec       0x9c d:/applications/stm32cubeide_1.4.0/stm32cubeide/plugins/com.st.stm32cube.ide.mcu.externaltools.gnu-tools-for-stm32.7-2018-q2-update.win32_1.4.0.202007081208/tools/bin/../lib/gcc/arm-none-eabi/7.3.1/../../../../arm-none-eabi/lib/thumb/v7e-m/fpv4-sp/hard\libc_nano.a(lib_a-nano-freer.o)
                0x0000000008005fec                _free_r
 .text._malloc_r
                0x0000000008006088       0xb4 d:/applications/stm32cubeide_1.4.0/stm32cubeide/plugins/com.st.stm32cube.ide.mcu.externaltools.gnu-tools-for-stm32.7-2018-q2-update.win32_1.4.0.202007081208/tools/bin/../lib/gcc/arm-none-eabi/7.3.1/../../../../arm-none-eabi/lib/thumb/v7e-m/fpv4-sp/hard\libc_nano.a(lib_a-nano-mallocr.o)
                0x0000000008006088                _malloc_r
 .text.__ssputs_r
                0x000000000800613c       0xb4 d:/applications/stm32cubeide_1.4.0/stm32cubeide/plugins/com.st.stm32cube.ide.mcu.externaltools.gnu-tools-for-stm32.7-2018-q2-update.win32_1.4.0.202007081208/tools/bin/../lib/gcc/arm-none-eabi/7.3.1/../../../../arm-none-eabi/lib/thumb/v7e-m/fpv4-sp/hard\libc_nano.a(lib_a-nano-svfprintf.o)
                0x000000000800613c                __ssputs_r
 .text._svfprintf_r
                0x00000000080061f0      0x1f0 d:/applications/stm32cubeide_1.4.0/stm32cubeide/plugins/com.st.stm32cube.ide.mcu.externaltools.gnu-tools-for-stm32.7-2018-q2-update.win32_1.4.0.202007081208/tools/bin/../lib/gcc/arm-none-eabi/7.3.1/../../../../arm-none-eabi/lib/thumb/v7e-m/fpv4-sp/hard\libc_nano.a(lib_a-nano-svfprintf.o)
                0x00000000080061f0                _svfiprintf_r
                0x00000000080061f0                _svfprintf_r
 .text._printf_common
                0x00000000080063e0       0xea d:/applications/stm32cubeide_1.4.0/stm32cubeide/plugins/com.st.stm32cube.ide.mcu.externaltools.gnu-tools-for-stm32.7-2018-q2-update.win32_1.4.0.202007081208/tools/bin/../lib/gcc/arm-none-eabi/7.3.1/../../../../arm-none-eabi/lib/thumb/v7e-m/fpv4-sp/hard\libc_nano.a(lib_a-nano-vfprintf_i.o)
                0x00000000080063e0                _printf_common
 *fill*         0x00000000080064ca        0x2 
 .text._printf_i
                0x00000000080064cc      0x224 d:/applications/stm32cubeide_1.4.0/stm32cubeide/plugins/com.st.stm32cube.ide.mcu.externaltools.gnu-tools-for-stm32.7-2018-q2-update.win32_1.4.0.202007081208/tools/bin/../lib/gcc/arm-none-eabi/7.3.1/../../../../arm-none-eabi/lib/thumb/v7e-m/fpv4-sp/hard\libc_nano.a(lib_a-nano-vfprintf_i.o)
                0x00000000080064cc                _printf_i
 .text._sbrk_r  0x00000000080066f0       0x20 d:/applications/stm32cubeide_1.4.0/stm32cubeide/plugins/com.st.stm32cube.ide.mcu.externaltools.gnu-tools-for-stm32.7-2018-q2-update.win32_1.4.0.202007081208/tools/bin/../lib/gcc/arm-none-eabi/7.3.1/../../../../arm-none-eabi/lib/thumb/v7e-m/fpv4-sp/hard\libc_nano.a(lib_a-sbrkr.o)
                0x00000000080066f0                _sbrk_r
 .text.memcpy   0x0000000008006710       0x16 d:/applications/stm32cubeide_1.4.0/stm32cubeide/plugins/com.st.stm32cube.ide.mcu.externaltools.gnu-tools-for-stm32.7-2018-q2-update.win32_1.4.0.202007081208/tools/bin/../lib/gcc/arm-none-eabi/7.3.1/../../../../arm-none-eabi/lib/thumb/v7e-m/fpv4-sp/hard\libc_nano.a(lib_a-memcpy-stub.o)
                0x0000000008006710                memcpy
 .text.memmove  0x0000000008006726       0x32 d:/applications/stm32cubeide_1.4.0/stm32cubeide/plugins/com.st.stm32cube.ide.mcu.externaltools.gnu-tools-for-stm32.7-2018-q2-update.win32_1.4.0.202007081208/tools/bin/../lib/gcc/arm-none-eabi/7.3.1/../../../../arm-none-eabi/lib/thumb/v7e-m/fpv4-sp/hard\libc_nano.a(lib_a-memmove.o)
                0x0000000008006726                memmove
 .text.__malloc_lock
                0x0000000008006758        0x2 d:/applications/stm32cubeide_1.4.0/stm32cubeide/plugins/com.st.stm32cube.ide.mcu.externaltools.gnu-tools-for-stm32.7-2018-q2-update.win32_1.4.0.202007081208/tools/bin/../lib/gcc/arm-none-eabi/7.3.1/../../../../arm-none-eabi/lib/thumb/v7e-m/fpv4-sp/hard\libc_nano.a(lib_a-mlock.o)
                0x0000000008006758                __malloc_lock
 .text.__malloc_unlock
                0x000000000800675a        0x2 d:/applications/stm32cubeide_1.4.0/stm32cubeide/plugins/com.st.stm32cube.ide.mcu.externaltools.gnu-tools-for-stm32.7-2018-q2-update.win32_1.4.0.202007081208/tools/bin/../lib/gcc/arm-none-eabi/7.3.1/../../../../arm-none-eabi/lib/thumb/v7e-m/fpv4-sp/hard\libc_nano.a(lib_a-mlock.o)
                0x000000000800675a                __malloc_unlock
 .text._realloc_r
                0x000000000800675c       0x4c d:/applications/stm32cubeide_1.4.0/stm32cubeide/plugins/com.st.stm32cube.ide.mcu.externaltools.gnu-tools-for-stm32.7-2018-q2-update.win32_1.4.0.202007081208/tools/bin/../lib/gcc/arm-none-eabi/7.3.1/../../../../arm-none-eabi/lib/thumb/v7e-m/fpv4-sp/hard\libc_nano.a(lib_a-nano-reallocr.o)
                0x000000000800675c                _realloc_r
 .text._malloc_usable_size_r
                0x00000000080067a8       0x10 d:/applications/stm32cubeide_1.4.0/stm32cubeide/plugins/com.st.stm32cube.ide.mcu.externaltools.gnu-tools-for-stm32.7-2018-q2-update.win32_1.4.0.202007081208/tools/bin/../lib/gcc/arm-none-eabi/7.3.1/../../../../arm-none-eabi/lib/thumb/v7e-m/fpv4-sp/hard\libc_nano.a(lib_a-nano-msizer.o)
                0x00000000080067a8                _malloc_usable_size_r
 *(.glue_7)
 .glue_7        0x00000000080067b8        0x0 linker stubs
 *(.glue_7t)
 .glue_7t       0x00000000080067b8        0x0 linker stubs
 *(.eh_frame)
 .eh_frame      0x00000000080067b8        0x0 d:/applications/stm32cubeide_1.4.0/stm32cubeide/plugins/com.st.stm32cube.ide.mcu.externaltools.gnu-tools-for-stm32.7-2018-q2-update.win32_1.4.0.202007081208/tools/bin/../lib/gcc/arm-none-eabi/7.3.1/thumb/v7e-m/fpv4-sp/hard/crtbegin.o
 *(.init)
 .init          0x00000000080067b8        0x4 d:/applications/stm32cubeide_1.4.0/stm32cubeide/plugins/com.st.stm32cube.ide.mcu.externaltools.gnu-tools-for-stm32.7-2018-q2-update.win32_1.4.0.202007081208/tools/bin/../lib/gcc/arm-none-eabi/7.3.1/thumb/v7e-m/fpv4-sp/hard/crti.o
                0x00000000080067b8                _init
 .init          0x00000000080067bc        0x8 d:/applications/stm32cubeide_1.4.0/stm32cubeide/plugins/com.st.stm32cube.ide.mcu.externaltools.gnu-tools-for-stm32.7-2018-q2-update.win32_1.4.0.202007081208/tools/bin/../lib/gcc/arm-none-eabi/7.3.1/thumb/v7e-m/fpv4-sp/hard/crtn.o
 *(.fini)
 .fini          0x00000000080067c4        0x4 d:/applications/stm32cubeide_1.4.0/stm32cubeide/plugins/com.st.stm32cube.ide.mcu.externaltools.gnu-tools-for-stm32.7-2018-q2-update.win32_1.4.0.202007081208/tools/bin/../lib/gcc/arm-none-eabi/7.3.1/thumb/v7e-m/fpv4-sp/hard/crti.o
                0x00000000080067c4                _fini
 .fini          0x00000000080067c8        0x8 d:/applications/stm32cubeide_1.4.0/stm32cubeide/plugins/com.st.stm32cube.ide.mcu.externaltools.gnu-tools-for-stm32.7-2018-q2-update.win32_1.4.0.202007081208/tools/bin/../lib/gcc/arm-none-eabi/7.3.1/thumb/v7e-m/fpv4-sp/hard/crtn.o
                0x00000000080067d0                . = ALIGN (0x4)
                0x00000000080067d0                _etext = .

.vfp11_veneer   0x00000000080067d0        0x0
 .vfp11_veneer  0x00000000080067d0        0x0 linker stubs

.v4_bx          0x00000000080067d0        0x0
 .v4_bx         0x00000000080067d0        0x0 linker stubs

.iplt           0x00000000080067d0        0x0
 .iplt          0x00000000080067d0        0x0 d:/applications/stm32cubeide_1.4.0/stm32cubeide/plugins/com.st.stm32cube.ide.mcu.externaltools.gnu-tools-for-stm32.7-2018-q2-update.win32_1.4.0.202007081208/tools/bin/../lib/gcc/arm-none-eabi/7.3.1/thumb/v7e-m/fpv4-sp/hard/crtbegin.o

.rodata         0x00000000080067d0      0x6e4
                0x00000000080067d0                . = ALIGN (0x4)
 *(.rodata)
 .rodata        0x00000000080067d0       0x8f Core/Src/main.o
 *fill*         0x000000000800685f        0x1 
 .rodata        0x0000000008006860      0x4f4 Core/Src/polkadot.o
 .rodata        0x0000000008006d54      0x10c Core/Src/sx1276.o
 *(.rodata*)
 .rodata.AHBPrescTable
                0x0000000008006e60       0x10 Core/Src/system_stm32f4xx.o
                0x0000000008006e60                AHBPrescTable
 .rodata.APBPrescTable
                0x0000000008006e70        0x8 Core/Src/system_stm32f4xx.o
                0x0000000008006e70                APBPrescTable
 .rodata.flagBitshiftOffset.7924
                0x0000000008006e78        0x8 Drivers/STM32F4xx_HAL_Driver/Src/stm32f4xx_hal_dma.o
 .rodata._svfprintf_r.str1.1
                0x0000000008006e80       0x11 d:/applications/stm32cubeide_1.4.0/stm32cubeide/plugins/com.st.stm32cube.ide.mcu.externaltools.gnu-tools-for-stm32.7-2018-q2-update.win32_1.4.0.202007081208/tools/bin/../lib/gcc/arm-none-eabi/7.3.1/../../../../arm-none-eabi/lib/thumb/v7e-m/fpv4-sp/hard\libc_nano.a(lib_a-nano-svfprintf.o)
 .rodata._printf_i.str1.1
                0x0000000008006e91       0x22 d:/applications/stm32cubeide_1.4.0/stm32cubeide/plugins/com.st.stm32cube.ide.mcu.externaltools.gnu-tools-for-stm32.7-2018-q2-update.win32_1.4.0.202007081208/tools/bin/../lib/gcc/arm-none-eabi/7.3.1/../../../../arm-none-eabi/lib/thumb/v7e-m/fpv4-sp/hard\libc_nano.a(lib_a-nano-vfprintf_i.o)
                0x0000000008006eb4                . = ALIGN (0x4)
 *fill*         0x0000000008006eb3        0x1 

.ARM.extab      0x0000000008006eb4        0x0
                0x0000000008006eb4                . = ALIGN (0x4)
 *(.ARM.extab* .gnu.linkonce.armextab.*)
                0x0000000008006eb4                . = ALIGN (0x4)

.ARM            0x0000000008006eb4        0x8
                0x0000000008006eb4                . = ALIGN (0x4)
                0x0000000008006eb4                __exidx_start = .
 *(.ARM.exidx*)
 .ARM.exidx     0x0000000008006eb4        0x8 d:/applications/stm32cubeide_1.4.0/stm32cubeide/plugins/com.st.stm32cube.ide.mcu.externaltools.gnu-tools-for-stm32.7-2018-q2-update.win32_1.4.0.202007081208/tools/bin/../lib/gcc/arm-none-eabi/7.3.1/thumb/v7e-m/fpv4-sp/hard\libgcc.a(_udivmoddi4.o)
                0x0000000008006ebc                __exidx_end = .
                0x0000000008006ebc                . = ALIGN (0x4)

.rel.dyn        0x0000000008006ebc        0x0
 .rel.iplt      0x0000000008006ebc        0x0 d:/applications/stm32cubeide_1.4.0/stm32cubeide/plugins/com.st.stm32cube.ide.mcu.externaltools.gnu-tools-for-stm32.7-2018-q2-update.win32_1.4.0.202007081208/tools/bin/../lib/gcc/arm-none-eabi/7.3.1/thumb/v7e-m/fpv4-sp/hard/crtbegin.o

.preinit_array  0x0000000008006ebc        0x0
                0x0000000008006ebc                . = ALIGN (0x4)
                0x0000000008006ebc                PROVIDE (__preinit_array_start = .)
 *(.preinit_array*)
                0x0000000008006ebc                PROVIDE (__preinit_array_end = .)
                0x0000000008006ebc                . = ALIGN (0x4)

.init_array     0x0000000008006ebc        0x4
                0x0000000008006ebc                . = ALIGN (0x4)
                0x0000000008006ebc                PROVIDE (__init_array_start = .)
 *(SORT_BY_NAME(.init_array.*))
 *(.init_array*)
 .init_array    0x0000000008006ebc        0x4 d:/applications/stm32cubeide_1.4.0/stm32cubeide/plugins/com.st.stm32cube.ide.mcu.externaltools.gnu-tools-for-stm32.7-2018-q2-update.win32_1.4.0.202007081208/tools/bin/../lib/gcc/arm-none-eabi/7.3.1/thumb/v7e-m/fpv4-sp/hard/crtbegin.o
                0x0000000008006ec0                PROVIDE (__init_array_end = .)
                0x0000000008006ec0                . = ALIGN (0x4)

.fini_array     0x0000000008006ec0        0x4
                0x0000000008006ec0                . = ALIGN (0x4)
                [!provide]                        PROVIDE (__fini_array_start = .)
 *(SORT_BY_NAME(.fini_array.*))
 *(.fini_array*)
 .fini_array    0x0000000008006ec0        0x4 d:/applications/stm32cubeide_1.4.0/stm32cubeide/plugins/com.st.stm32cube.ide.mcu.externaltools.gnu-tools-for-stm32.7-2018-q2-update.win32_1.4.0.202007081208/tools/bin/../lib/gcc/arm-none-eabi/7.3.1/thumb/v7e-m/fpv4-sp/hard/crtbegin.o
                [!provide]                        PROVIDE (__fini_array_end = .)
                0x0000000008006ec4                . = ALIGN (0x4)
                0x0000000008006ec4                _sidata = LOADADDR (.data)

.data           0x0000000020000000       0x70 load address 0x0000000008006ec4
                0x0000000020000000                . = ALIGN (0x4)
                0x0000000020000000                _sdata = .
 *(.data)
 *(.data*)
 .data.SystemCoreClock
                0x0000000020000000        0x4 Core/Src/system_stm32f4xx.o
                0x0000000020000000                SystemCoreClock
 .data.uwTickPrio
                0x0000000020000004        0x4 Drivers/STM32F4xx_HAL_Driver/Src/stm32f4xx_hal.o
                0x0000000020000004                uwTickPrio
 .data.uwTickFreq
                0x0000000020000008        0x1 Drivers/STM32F4xx_HAL_Driver/Src/stm32f4xx_hal.o
                0x0000000020000008                uwTickFreq
 *fill*         0x0000000020000009        0x3 
 .data._impure_ptr
                0x000000002000000c        0x4 d:/applications/stm32cubeide_1.4.0/stm32cubeide/plugins/com.st.stm32cube.ide.mcu.externaltools.gnu-tools-for-stm32.7-2018-q2-update.win32_1.4.0.202007081208/tools/bin/../lib/gcc/arm-none-eabi/7.3.1/../../../../arm-none-eabi/lib/thumb/v7e-m/fpv4-sp/hard\libc_nano.a(lib_a-impure.o)
                0x000000002000000c                _impure_ptr
 .data.impure_data
                0x0000000020000010       0x60 d:/applications/stm32cubeide_1.4.0/stm32cubeide/plugins/com.st.stm32cube.ide.mcu.externaltools.gnu-tools-for-stm32.7-2018-q2-update.win32_1.4.0.202007081208/tools/bin/../lib/gcc/arm-none-eabi/7.3.1/../../../../arm-none-eabi/lib/thumb/v7e-m/fpv4-sp/hard\libc_nano.a(lib_a-impure.o)
                0x0000000020000070                . = ALIGN (0x4)
                0x0000000020000070                _edata = .

.igot.plt       0x0000000020000070        0x0 load address 0x0000000008006f34
 .igot.plt      0x0000000020000070        0x0 d:/applications/stm32cubeide_1.4.0/stm32cubeide/plugins/com.st.stm32cube.ide.mcu.externaltools.gnu-tools-for-stm32.7-2018-q2-update.win32_1.4.0.202007081208/tools/bin/../lib/gcc/arm-none-eabi/7.3.1/thumb/v7e-m/fpv4-sp/hard/crtbegin.o
                0x0000000020000070                . = ALIGN (0x4)

.bss            0x0000000020000070      0x508 load address 0x0000000008006f34
                0x0000000020000070                _sbss = .
                0x0000000020000070                __bss_start__ = _sbss
 *(.bss)
 .bss           0x0000000020000070       0x1c d:/applications/stm32cubeide_1.4.0/stm32cubeide/plugins/com.st.stm32cube.ide.mcu.externaltools.gnu-tools-for-stm32.7-2018-q2-update.win32_1.4.0.202007081208/tools/bin/../lib/gcc/arm-none-eabi/7.3.1/thumb/v7e-m/fpv4-sp/hard/crtbegin.o
 *(.bss*)
 .bss.xdone_flag
                0x000000002000008c        0x1 Core/Src/main.o
                0x000000002000008c                xdone_flag
 .bss.rx_flag   0x000000002000008d        0x1 Core/Src/main.o
                0x000000002000008d                rx_flag
 *fill*         0x000000002000008e        0x2 
 .bss.__sbrk_heap_end
                0x0000000020000090        0x4 Core/Src/sysmem.o
 .bss.__malloc_free_list
                0x0000000020000094        0x4 d:/applications/stm32cubeide_1.4.0/stm32cubeide/plugins/com.st.stm32cube.ide.mcu.externaltools.gnu-tools-for-stm32.7-2018-q2-update.win32_1.4.0.202007081208/tools/bin/../lib/gcc/arm-none-eabi/7.3.1/../../../../arm-none-eabi/lib/thumb/v7e-m/fpv4-sp/hard\libc_nano.a(lib_a-nano-mallocr.o)
                0x0000000020000094                __malloc_free_list
 .bss.__malloc_sbrk_start
                0x0000000020000098        0x4 d:/applications/stm32cubeide_1.4.0/stm32cubeide/plugins/com.st.stm32cube.ide.mcu.externaltools.gnu-tools-for-stm32.7-2018-q2-update.win32_1.4.0.202007081208/tools/bin/../lib/gcc/arm-none-eabi/7.3.1/../../../../arm-none-eabi/lib/thumb/v7e-m/fpv4-sp/hard\libc_nano.a(lib_a-nano-mallocr.o)
                0x0000000020000098                __malloc_sbrk_start
 *(COMMON)
 COMMON         0x000000002000009c      0x4d4 Core/Src/main.o
                0x000000002000009c                rreq_table
                0x00000000200000c4                hspi2
                0x000000002000011c                rreq_pointer
                0x0000000020000120                cmd_rx_buf
                0x0000000020000130                unicast_route_table
                0x00000000200002b0                noroute_table_entries
                0x00000000200002b4                hadc1
                0x00000000200002fc                huart1
                0x000000002000033c                cmd_tx_buf
                0x000000002000034c                rreq_id
                0x0000000020000350                hrtc
                0x0000000020000370                noroute_table
                0x00000000200003ac                unicast_entries
                0x00000000200003b0                my_sequence_number
                0x00000000200003b4                rx_data
                0x00000000200004b4                hspi1
                0x000000002000050c                hdma_spi2_tx
                0x000000002000056c                my_id
 COMMON         0x0000000020000570        0x4 Drivers/STM32F4xx_HAL_Driver/Src/stm32f4xx_hal.o
                0x0000000020000570                uwTick
 COMMON         0x0000000020000574        0x4 d:/applications/stm32cubeide_1.4.0/stm32cubeide/plugins/com.st.stm32cube.ide.mcu.externaltools.gnu-tools-for-stm32.7-2018-q2-update.win32_1.4.0.202007081208/tools/bin/../lib/gcc/arm-none-eabi/7.3.1/../../../../arm-none-eabi/lib/thumb/v7e-m/fpv4-sp/hard\libc_nano.a(lib_a-reent.o)
                0x0000000020000574                errno
                0x0000000020000578                . = ALIGN (0x4)
                0x0000000020000578                _ebss = .
                0x0000000020000578                __bss_end__ = _ebss

._user_heap_stack
                0x0000000020000578      0x600 load address 0x0000000008006f34
                0x0000000020000578                . = ALIGN (0x8)
                [!provide]                        PROVIDE (end = .)
                0x0000000020000578                PROVIDE (_end = .)
                0x0000000020000778                . = (. + _Min_Heap_Size)
 *fill*         0x0000000020000578      0x200 
                0x0000000020000b78                . = (. + _Min_Stack_Size)
 *fill*         0x0000000020000778      0x400 
                0x0000000020000b78                . = ALIGN (0x8)

/DISCARD/
 libc.a(*)
 libm.a(*)
 libgcc.a(*)

.ARM.attributes
                0x0000000000000000       0x30
 *(.ARM.attributes)
 .ARM.attributes
                0x0000000000000000       0x22 d:/applications/stm32cubeide_1.4.0/stm32cubeide/plugins/com.st.stm32cube.ide.mcu.externaltools.gnu-tools-for-stm32.7-2018-q2-update.win32_1.4.0.202007081208/tools/bin/../lib/gcc/arm-none-eabi/7.3.1/thumb/v7e-m/fpv4-sp/hard/crti.o
 .ARM.attributes
                0x0000000000000022       0x34 d:/applications/stm32cubeide_1.4.0/stm32cubeide/plugins/com.st.stm32cube.ide.mcu.externaltools.gnu-tools-for-stm32.7-2018-q2-update.win32_1.4.0.202007081208/tools/bin/../lib/gcc/arm-none-eabi/7.3.1/thumb/v7e-m/fpv4-sp/hard/crtbegin.o
 .ARM.attributes
                0x0000000000000056       0x39 Core/Src/main.o
 .ARM.attributes
                0x000000000000008f       0x39 Core/Src/polkadot.o
 .ARM.attributes
                0x00000000000000c8       0x39 Core/Src/stm32f4xx_hal_msp.o
 .ARM.attributes
                0x0000000000000101       0x39 Core/Src/stm32f4xx_it.o
 .ARM.attributes
                0x000000000000013a       0x39 Core/Src/sx1276.o
 .ARM.attributes
                0x0000000000000173       0x39 Core/Src/sysmem.o
 .ARM.attributes
                0x00000000000001ac       0x39 Core/Src/system_stm32f4xx.o
 .ARM.attributes
                0x00000000000001e5       0x21 Core/Startup/startup_stm32f401ccux.o
 .ARM.attributes
                0x0000000000000206       0x39 Drivers/STM32F4xx_HAL_Driver/Src/stm32f4xx_hal.o
 .ARM.attributes
                0x000000000000023f       0x39 Drivers/STM32F4xx_HAL_Driver/Src/stm32f4xx_hal_adc.o
 .ARM.attributes
                0x0000000000000278       0x39 Drivers/STM32F4xx_HAL_Driver/Src/stm32f4xx_hal_cortex.o
 .ARM.attributes
                0x00000000000002b1       0x39 Drivers/STM32F4xx_HAL_Driver/Src/stm32f4xx_hal_dma.o
 .ARM.attributes
                0x00000000000002ea       0x39 Drivers/STM32F4xx_HAL_Driver/Src/stm32f4xx_hal_gpio.o
 .ARM.attributes
                0x0000000000000323       0x39 Drivers/STM32F4xx_HAL_Driver/Src/stm32f4xx_hal_rcc.o
 .ARM.attributes
                0x000000000000035c       0x39 Drivers/STM32F4xx_HAL_Driver/Src/stm32f4xx_hal_rcc_ex.o
 .ARM.attributes
                0x0000000000000395       0x39 Drivers/STM32F4xx_HAL_Driver/Src/stm32f4xx_hal_rtc.o
 .ARM.attributes
                0x00000000000003ce       0x39 Drivers/STM32F4xx_HAL_Driver/Src/stm32f4xx_hal_spi.o
 .ARM.attributes
                0x0000000000000407       0x39 Drivers/STM32F4xx_HAL_Driver/Src/stm32f4xx_hal_uart.o
 .ARM.attributes
                0x0000000000000440       0x34 d:/applications/stm32cubeide_1.4.0/stm32cubeide/plugins/com.st.stm32cube.ide.mcu.externaltools.gnu-tools-for-stm32.7-2018-q2-update.win32_1.4.0.202007081208/tools/bin/../lib/gcc/arm-none-eabi/7.3.1/../../../../arm-none-eabi/lib/thumb/v7e-m/fpv4-sp/hard\libc_nano.a(lib_a-errno.o)
 .ARM.attributes
                0x0000000000000474       0x34 d:/applications/stm32cubeide_1.4.0/stm32cubeide/plugins/com.st.stm32cube.ide.mcu.externaltools.gnu-tools-for-stm32.7-2018-q2-update.win32_1.4.0.202007081208/tools/bin/../lib/gcc/arm-none-eabi/7.3.1/../../../../arm-none-eabi/lib/thumb/v7e-m/fpv4-sp/hard\libc_nano.a(lib_a-impure.o)
 .ARM.attributes
                0x00000000000004a8       0x34 d:/applications/stm32cubeide_1.4.0/stm32cubeide/plugins/com.st.stm32cube.ide.mcu.externaltools.gnu-tools-for-stm32.7-2018-q2-update.win32_1.4.0.202007081208/tools/bin/../lib/gcc/arm-none-eabi/7.3.1/../../../../arm-none-eabi/lib/thumb/v7e-m/fpv4-sp/hard\libc_nano.a(lib_a-init.o)
 .ARM.attributes
                0x00000000000004dc       0x34 d:/applications/stm32cubeide_1.4.0/stm32cubeide/plugins/com.st.stm32cube.ide.mcu.externaltools.gnu-tools-for-stm32.7-2018-q2-update.win32_1.4.0.202007081208/tools/bin/../lib/gcc/arm-none-eabi/7.3.1/../../../../arm-none-eabi/lib/thumb/v7e-m/fpv4-sp/hard\libc_nano.a(lib_a-memset.o)
 .ARM.attributes
                0x0000000000000510       0x34 d:/applications/stm32cubeide_1.4.0/stm32cubeide/plugins/com.st.stm32cube.ide.mcu.externaltools.gnu-tools-for-stm32.7-2018-q2-update.win32_1.4.0.202007081208/tools/bin/../lib/gcc/arm-none-eabi/7.3.1/../../../../arm-none-eabi/lib/thumb/v7e-m/fpv4-sp/hard\libc_nano.a(lib_a-rand.o)
 .ARM.attributes
                0x0000000000000544       0x34 d:/applications/stm32cubeide_1.4.0/stm32cubeide/plugins/com.st.stm32cube.ide.mcu.externaltools.gnu-tools-for-stm32.7-2018-q2-update.win32_1.4.0.202007081208/tools/bin/../lib/gcc/arm-none-eabi/7.3.1/../../../../arm-none-eabi/lib/thumb/v7e-m/fpv4-sp/hard\libc_nano.a(lib_a-vsnprintf.o)
 .ARM.attributes
                0x0000000000000578       0x34 d:/applications/stm32cubeide_1.4.0/stm32cubeide/plugins/com.st.stm32cube.ide.mcu.externaltools.gnu-tools-for-stm32.7-2018-q2-update.win32_1.4.0.202007081208/tools/bin/../lib/gcc/arm-none-eabi/7.3.1/../../../../arm-none-eabi/lib/thumb/v7e-m/fpv4-sp/hard\libc_nano.a(lib_a-malloc.o)
 .ARM.attributes
                0x00000000000005ac       0x34 d:/applications/stm32cubeide_1.4.0/stm32cubeide/plugins/com.st.stm32cube.ide.mcu.externaltools.gnu-tools-for-stm32.7-2018-q2-update.win32_1.4.0.202007081208/tools/bin/../lib/gcc/arm-none-eabi/7.3.1/../../../../arm-none-eabi/lib/thumb/v7e-m/fpv4-sp/hard\libc_nano.a(lib_a-nano-freer.o)
 .ARM.attributes
                0x00000000000005e0       0x34 d:/applications/stm32cubeide_1.4.0/stm32cubeide/plugins/com.st.stm32cube.ide.mcu.externaltools.gnu-tools-for-stm32.7-2018-q2-update.win32_1.4.0.202007081208/tools/bin/../lib/gcc/arm-none-eabi/7.3.1/../../../../arm-none-eabi/lib/thumb/v7e-m/fpv4-sp/hard\libc_nano.a(lib_a-nano-mallocr.o)
 .ARM.attributes
                0x0000000000000614       0x34 d:/applications/stm32cubeide_1.4.0/stm32cubeide/plugins/com.st.stm32cube.ide.mcu.externaltools.gnu-tools-for-stm32.7-2018-q2-update.win32_1.4.0.202007081208/tools/bin/../lib/gcc/arm-none-eabi/7.3.1/../../../../arm-none-eabi/lib/thumb/v7e-m/fpv4-sp/hard\libc_nano.a(lib_a-nano-svfprintf.o)
 .ARM.attributes
                0x0000000000000648       0x34 d:/applications/stm32cubeide_1.4.0/stm32cubeide/plugins/com.st.stm32cube.ide.mcu.externaltools.gnu-tools-for-stm32.7-2018-q2-update.win32_1.4.0.202007081208/tools/bin/../lib/gcc/arm-none-eabi/7.3.1/../../../../arm-none-eabi/lib/thumb/v7e-m/fpv4-sp/hard\libc_nano.a(lib_a-nano-vfprintf_i.o)
 .ARM.attributes
                0x000000000000067c       0x34 d:/applications/stm32cubeide_1.4.0/stm32cubeide/plugins/com.st.stm32cube.ide.mcu.externaltools.gnu-tools-for-stm32.7-2018-q2-update.win32_1.4.0.202007081208/tools/bin/../lib/gcc/arm-none-eabi/7.3.1/../../../../arm-none-eabi/lib/thumb/v7e-m/fpv4-sp/hard\libc_nano.a(lib_a-sbrkr.o)
 .ARM.attributes
                0x00000000000006b0       0x20 d:/applications/stm32cubeide_1.4.0/stm32cubeide/plugins/com.st.stm32cube.ide.mcu.externaltools.gnu-tools-for-stm32.7-2018-q2-update.win32_1.4.0.202007081208/tools/bin/../lib/gcc/arm-none-eabi/7.3.1/../../../../arm-none-eabi/lib/thumb/v7e-m/fpv4-sp/hard\libc_nano.a(lib_a-memchr.o)
 .ARM.attributes
                0x00000000000006d0       0x34 d:/applications/stm32cubeide_1.4.0/stm32cubeide/plugins/com.st.stm32cube.ide.mcu.externaltools.gnu-tools-for-stm32.7-2018-q2-update.win32_1.4.0.202007081208/tools/bin/../lib/gcc/arm-none-eabi/7.3.1/../../../../arm-none-eabi/lib/thumb/v7e-m/fpv4-sp/hard\libc_nano.a(lib_a-memcpy-stub.o)
 .ARM.attributes
                0x0000000000000704       0x34 d:/applications/stm32cubeide_1.4.0/stm32cubeide/plugins/com.st.stm32cube.ide.mcu.externaltools.gnu-tools-for-stm32.7-2018-q2-update.win32_1.4.0.202007081208/tools/bin/../lib/gcc/arm-none-eabi/7.3.1/../../../../arm-none-eabi/lib/thumb/v7e-m/fpv4-sp/hard\libc_nano.a(lib_a-memmove.o)
 .ARM.attributes
                0x0000000000000738       0x34 d:/applications/stm32cubeide_1.4.0/stm32cubeide/plugins/com.st.stm32cube.ide.mcu.externaltools.gnu-tools-for-stm32.7-2018-q2-update.win32_1.4.0.202007081208/tools/bin/../lib/gcc/arm-none-eabi/7.3.1/../../../../arm-none-eabi/lib/thumb/v7e-m/fpv4-sp/hard\libc_nano.a(lib_a-mlock.o)
 .ARM.attributes
                0x000000000000076c       0x34 d:/applications/stm32cubeide_1.4.0/stm32cubeide/plugins/com.st.stm32cube.ide.mcu.externaltools.gnu-tools-for-stm32.7-2018-q2-update.win32_1.4.0.202007081208/tools/bin/../lib/gcc/arm-none-eabi/7.3.1/../../../../arm-none-eabi/lib/thumb/v7e-m/fpv4-sp/hard\libc_nano.a(lib_a-nano-reallocr.o)
 .ARM.attributes
                0x00000000000007a0       0x34 d:/applications/stm32cubeide_1.4.0/stm32cubeide/plugins/com.st.stm32cube.ide.mcu.externaltools.gnu-tools-for-stm32.7-2018-q2-update.win32_1.4.0.202007081208/tools/bin/../lib/gcc/arm-none-eabi/7.3.1/../../../../arm-none-eabi/lib/thumb/v7e-m/fpv4-sp/hard\libc_nano.a(lib_a-reent.o)
 .ARM.attributes
                0x00000000000007d4       0x34 d:/applications/stm32cubeide_1.4.0/stm32cubeide/plugins/com.st.stm32cube.ide.mcu.externaltools.gnu-tools-for-stm32.7-2018-q2-update.win32_1.4.0.202007081208/tools/bin/../lib/gcc/arm-none-eabi/7.3.1/../../../../arm-none-eabi/lib/thumb/v7e-m/fpv4-sp/hard\libc_nano.a(lib_a-nano-msizer.o)
 .ARM.attributes
                0x0000000000000808       0x22 d:/applications/stm32cubeide_1.4.0/stm32cubeide/plugins/com.st.stm32cube.ide.mcu.externaltools.gnu-tools-for-stm32.7-2018-q2-update.win32_1.4.0.202007081208/tools/bin/../lib/gcc/arm-none-eabi/7.3.1/thumb/v7e-m/fpv4-sp/hard\libgcc.a(_aeabi_uldivmod.o)
 .ARM.attributes
                0x000000000000082a       0x34 d:/applications/stm32cubeide_1.4.0/stm32cubeide/plugins/com.st.stm32cube.ide.mcu.externaltools.gnu-tools-for-stm32.7-2018-q2-update.win32_1.4.0.202007081208/tools/bin/../lib/gcc/arm-none-eabi/7.3.1/thumb/v7e-m/fpv4-sp/hard\libgcc.a(_udivmoddi4.o)
 .ARM.attributes
                0x000000000000085e       0x22 d:/applications/stm32cubeide_1.4.0/stm32cubeide/plugins/com.st.stm32cube.ide.mcu.externaltools.gnu-tools-for-stm32.7-2018-q2-update.win32_1.4.0.202007081208/tools/bin/../lib/gcc/arm-none-eabi/7.3.1/thumb/v7e-m/fpv4-sp/hard\libgcc.a(_dvmd_tls.o)
 .ARM.attributes
                0x0000000000000880       0x22 d:/applications/stm32cubeide_1.4.0/stm32cubeide/plugins/com.st.stm32cube.ide.mcu.externaltools.gnu-tools-for-stm32.7-2018-q2-update.win32_1.4.0.202007081208/tools/bin/../lib/gcc/arm-none-eabi/7.3.1/thumb/v7e-m/fpv4-sp/hard/crtn.o
OUTPUT(polkadot.elf elf32-littlearm)

.debug_info     0x0000000000000000     0xf45d
 .debug_info    0x0000000000000000     0x2294 Core/Src/main.o
 .debug_info    0x0000000000002294     0x19ec Core/Src/polkadot.o
 .debug_info    0x0000000000003c80     0x1435 Core/Src/stm32f4xx_hal_msp.o
 .debug_info    0x00000000000050b5      0x728 Core/Src/stm32f4xx_it.o
 .debug_info    0x00000000000057dd     0x15a7 Core/Src/sx1276.o
 .debug_info    0x0000000000006d84      0x985 Core/Src/sysmem.o
 .debug_info    0x0000000000007709      0x57e Core/Src/system_stm32f4xx.o
 .debug_info    0x0000000000007c87       0x22 Core/Startup/startup_stm32f401ccux.o
 .debug_info    0x0000000000007ca9      0x8ce Drivers/STM32F4xx_HAL_Driver/Src/stm32f4xx_hal.o
 .debug_info    0x0000000000008577      0xce6 Drivers/STM32F4xx_HAL_Driver/Src/stm32f4xx_hal_adc.o
 .debug_info    0x000000000000925d      0xd92 Drivers/STM32F4xx_HAL_Driver/Src/stm32f4xx_hal_cortex.o
 .debug_info    0x0000000000009fef      0x960 Drivers/STM32F4xx_HAL_Driver/Src/stm32f4xx_hal_dma.o
 .debug_info    0x000000000000a94f      0x7d7 Drivers/STM32F4xx_HAL_Driver/Src/stm32f4xx_hal_gpio.o
 .debug_info    0x000000000000b126      0x929 Drivers/STM32F4xx_HAL_Driver/Src/stm32f4xx_hal_rcc.o
 .debug_info    0x000000000000ba4f      0x5e5 Drivers/STM32F4xx_HAL_Driver/Src/stm32f4xx_hal_rcc_ex.o
 .debug_info    0x000000000000c034      0xbb3 Drivers/STM32F4xx_HAL_Driver/Src/stm32f4xx_hal_rtc.o
 .debug_info    0x000000000000cbe7     0x1632 Drivers/STM32F4xx_HAL_Driver/Src/stm32f4xx_hal_spi.o
 .debug_info    0x000000000000e219     0x1244 Drivers/STM32F4xx_HAL_Driver/Src/stm32f4xx_hal_uart.o

.debug_abbrev   0x0000000000000000     0x2340
 .debug_abbrev  0x0000000000000000      0x305 Core/Src/main.o
 .debug_abbrev  0x0000000000000305      0x304 Core/Src/polkadot.o
 .debug_abbrev  0x0000000000000609      0x1e7 Core/Src/stm32f4xx_hal_msp.o
 .debug_abbrev  0x00000000000007f0      0x158 Core/Src/stm32f4xx_it.o
 .debug_abbrev  0x0000000000000948      0x297 Core/Src/sx1276.o
 .debug_abbrev  0x0000000000000bdf      0x19b Core/Src/sysmem.o
 .debug_abbrev  0x0000000000000d7a      0x12b Core/Src/system_stm32f4xx.o
 .debug_abbrev  0x0000000000000ea5       0x12 Core/Startup/startup_stm32f401ccux.o
 .debug_abbrev  0x0000000000000eb7      0x1f2 Drivers/STM32F4xx_HAL_Driver/Src/stm32f4xx_hal.o
 .debug_abbrev  0x00000000000010a9      0x1cd Drivers/STM32F4xx_HAL_Driver/Src/stm32f4xx_hal_adc.o
 .debug_abbrev  0x0000000000001276      0x2fa Drivers/STM32F4xx_HAL_Driver/Src/stm32f4xx_hal_cortex.o
 .debug_abbrev  0x0000000000001570      0x1f1 Drivers/STM32F4xx_HAL_Driver/Src/stm32f4xx_hal_dma.o
 .debug_abbrev  0x0000000000001761      0x1c9 Drivers/STM32F4xx_HAL_Driver/Src/stm32f4xx_hal_gpio.o
 .debug_abbrev  0x000000000000192a      0x245 Drivers/STM32F4xx_HAL_Driver/Src/stm32f4xx_hal_rcc.o
 .debug_abbrev  0x0000000000001b6f      0x173 Drivers/STM32F4xx_HAL_Driver/Src/stm32f4xx_hal_rcc_ex.o
 .debug_abbrev  0x0000000000001ce2      0x1cd Drivers/STM32F4xx_HAL_Driver/Src/stm32f4xx_hal_rtc.o
 .debug_abbrev  0x0000000000001eaf      0x240 Drivers/STM32F4xx_HAL_Driver/Src/stm32f4xx_hal_spi.o
 .debug_abbrev  0x00000000000020ef      0x251 Drivers/STM32F4xx_HAL_Driver/Src/stm32f4xx_hal_uart.o

.debug_aranges  0x0000000000000000      0xc38
 .debug_aranges
                0x0000000000000000       0x88 Core/Src/main.o
 .debug_aranges
                0x0000000000000088       0xb8 Core/Src/polkadot.o
 .debug_aranges
                0x0000000000000140       0x60 Core/Src/stm32f4xx_hal_msp.o
 .debug_aranges
                0x00000000000001a0       0x80 Core/Src/stm32f4xx_it.o
 .debug_aranges
                0x0000000000000220       0xa8 Core/Src/sx1276.o
 .debug_aranges
                0x00000000000002c8       0x20 Core/Src/sysmem.o
 .debug_aranges
                0x00000000000002e8       0x28 Core/Src/system_stm32f4xx.o
 .debug_aranges
                0x0000000000000310       0x28 Core/Startup/startup_stm32f401ccux.o
 .debug_aranges
                0x0000000000000338       0xf0 Drivers/STM32F4xx_HAL_Driver/Src/stm32f4xx_hal.o
 .debug_aranges
                0x0000000000000428       0xe8 Drivers/STM32F4xx_HAL_Driver/Src/stm32f4xx_hal_adc.o
 .debug_aranges
                0x0000000000000510      0x118 Drivers/STM32F4xx_HAL_Driver/Src/stm32f4xx_hal_cortex.o
 .debug_aranges
                0x0000000000000628       0x90 Drivers/STM32F4xx_HAL_Driver/Src/stm32f4xx_hal_dma.o
 .debug_aranges
                0x00000000000006b8       0x58 Drivers/STM32F4xx_HAL_Driver/Src/stm32f4xx_hal_gpio.o
 .debug_aranges
                0x0000000000000710       0x88 Drivers/STM32F4xx_HAL_Driver/Src/stm32f4xx_hal_rcc.o
 .debug_aranges
                0x0000000000000798       0x48 Drivers/STM32F4xx_HAL_Driver/Src/stm32f4xx_hal_rcc_ex.o
 .debug_aranges
                0x00000000000007e0       0xb8 Drivers/STM32F4xx_HAL_Driver/Src/stm32f4xx_hal_rtc.o
 .debug_aranges
                0x0000000000000898      0x1d0 Drivers/STM32F4xx_HAL_Driver/Src/stm32f4xx_hal_spi.o
 .debug_aranges
                0x0000000000000a68      0x1d0 Drivers/STM32F4xx_HAL_Driver/Src/stm32f4xx_hal_uart.o

.debug_ranges   0x0000000000000000      0xb20
 .debug_ranges  0x0000000000000000       0x78 Core/Src/main.o
 .debug_ranges  0x0000000000000078       0xa8 Core/Src/polkadot.o
 .debug_ranges  0x0000000000000120       0x50 Core/Src/stm32f4xx_hal_msp.o
 .debug_ranges  0x0000000000000170       0x70 Core/Src/stm32f4xx_it.o
 .debug_ranges  0x00000000000001e0       0x98 Core/Src/sx1276.o
 .debug_ranges  0x0000000000000278       0x10 Core/Src/sysmem.o
 .debug_ranges  0x0000000000000288       0x18 Core/Src/system_stm32f4xx.o
 .debug_ranges  0x00000000000002a0       0x20 Core/Startup/startup_stm32f401ccux.o
 .debug_ranges  0x00000000000002c0       0xe0 Drivers/STM32F4xx_HAL_Driver/Src/stm32f4xx_hal.o
 .debug_ranges  0x00000000000003a0       0xd8 Drivers/STM32F4xx_HAL_Driver/Src/stm32f4xx_hal_adc.o
 .debug_ranges  0x0000000000000478      0x108 Drivers/STM32F4xx_HAL_Driver/Src/stm32f4xx_hal_cortex.o
 .debug_ranges  0x0000000000000580       0x80 Drivers/STM32F4xx_HAL_Driver/Src/stm32f4xx_hal_dma.o
 .debug_ranges  0x0000000000000600       0x48 Drivers/STM32F4xx_HAL_Driver/Src/stm32f4xx_hal_gpio.o
 .debug_ranges  0x0000000000000648       0x78 Drivers/STM32F4xx_HAL_Driver/Src/stm32f4xx_hal_rcc.o
 .debug_ranges  0x00000000000006c0       0x38 Drivers/STM32F4xx_HAL_Driver/Src/stm32f4xx_hal_rcc_ex.o
 .debug_ranges  0x00000000000006f8       0xa8 Drivers/STM32F4xx_HAL_Driver/Src/stm32f4xx_hal_rtc.o
 .debug_ranges  0x00000000000007a0      0x1c0 Drivers/STM32F4xx_HAL_Driver/Src/stm32f4xx_hal_spi.o
 .debug_ranges  0x0000000000000960      0x1c0 Drivers/STM32F4xx_HAL_Driver/Src/stm32f4xx_hal_uart.o

.debug_macro    0x0000000000000000    0x17a3e
 .debug_macro   0x0000000000000000      0x2eb Core/Src/main.o
 .debug_macro   0x00000000000002eb      0xa5a Core/Src/main.o
 .debug_macro   0x0000000000000d45      0x2a0 Core/Src/main.o
 .debug_macro   0x0000000000000fe5       0x2e Core/Src/main.o
 .debug_macro   0x0000000000001013       0x28 Core/Src/main.o
 .debug_macro   0x000000000000103b       0x22 Core/Src/main.o
 .debug_macro   0x000000000000105d       0x8e Core/Src/main.o
 .debug_macro   0x00000000000010eb       0x51 Core/Src/main.o
 .debug_macro   0x000000000000113c       0xef Core/Src/main.o
 .debug_macro   0x000000000000122b       0x6a Core/Src/main.o
 .debug_macro   0x0000000000001295      0x1df Core/Src/main.o
 .debug_macro   0x0000000000001474       0x1c Core/Src/main.o
 .debug_macro   0x0000000000001490       0x22 Core/Src/main.o
 .debug_macro   0x00000000000014b2       0xdf Core/Src/main.o
 .debug_macro   0x0000000000001591     0x102d Core/Src/main.o
 .debug_macro   0x00000000000025be      0x11f Core/Src/main.o
 .debug_macro   0x00000000000026dd     0xb850 Core/Src/main.o
 .debug_macro   0x000000000000df2d       0x43 Core/Src/main.o
 .debug_macro   0x000000000000df70     0x3659 Core/Src/main.o
 .debug_macro   0x00000000000115c9      0x174 Core/Src/main.o
 .debug_macro   0x000000000001173d       0x5a Core/Src/main.o
 .debug_macro   0x0000000000011797      0x416 Core/Src/main.o
 .debug_macro   0x0000000000011bad      0x9fe Core/Src/main.o
 .debug_macro   0x00000000000125ab      0x117 Core/Src/main.o
 .debug_macro   0x00000000000126c2       0xf8 Core/Src/main.o
 .debug_macro   0x00000000000127ba       0x27 Core/Src/main.o
 .debug_macro   0x00000000000127e1      0x15f Core/Src/main.o
 .debug_macro   0x0000000000012940      0x287 Core/Src/main.o
 .debug_macro   0x0000000000012bc7       0x5f Core/Src/main.o
 .debug_macro   0x0000000000012c26      0x236 Core/Src/main.o
 .debug_macro   0x0000000000012e5c      0x391 Core/Src/main.o
 .debug_macro   0x00000000000131ed      0x176 Core/Src/main.o
 .debug_macro   0x0000000000013363       0xf9 Core/Src/main.o
 .debug_macro   0x000000000001345c      0x132 Core/Src/main.o
 .debug_macro   0x000000000001358e      0x23a Core/Src/main.o
 .debug_macro   0x00000000000137c8       0x2e Core/Src/main.o
 .debug_macro   0x00000000000137f6      0x11a Core/Src/main.o
 .debug_macro   0x0000000000013910       0x85 Core/Src/main.o
 .debug_macro   0x0000000000013995       0x89 Core/Src/main.o
 .debug_macro   0x0000000000013a1e      0x31a Core/Src/main.o
 .debug_macro   0x0000000000013d38      0x405 Core/Src/main.o
 .debug_macro   0x000000000001413d       0xe4 Core/Src/main.o
 .debug_macro   0x0000000000014221      0x225 Core/Src/main.o
 .debug_macro   0x0000000000014446      0x287 Core/Src/main.o
 .debug_macro   0x00000000000146cd      0x126 Core/Src/main.o
 .debug_macro   0x00000000000147f3       0x4c Core/Src/main.o
 .debug_macro   0x000000000001483f      0x1a8 Core/Src/main.o
 .debug_macro   0x00000000000149e7       0x1c Core/Src/main.o
 .debug_macro   0x0000000000014a03       0x4c Core/Src/main.o
 .debug_macro   0x0000000000014a4f       0x18 Core/Src/main.o
 .debug_macro   0x0000000000014a67       0x46 Core/Src/main.o
 .debug_macro   0x0000000000014aad       0x3c Core/Src/main.o
 .debug_macro   0x0000000000014ae9       0x34 Core/Src/main.o
 .debug_macro   0x0000000000014b1d       0x16 Core/Src/main.o
 .debug_macro   0x0000000000014b33       0x35 Core/Src/main.o
 .debug_macro   0x0000000000014b68       0x52 Core/Src/main.o
 .debug_macro   0x0000000000014bba       0x1f Core/Src/main.o
 .debug_macro   0x0000000000014bd9       0x43 Core/Src/main.o
 .debug_macro   0x0000000000014c1c       0x20 Core/Src/main.o
 .debug_macro   0x0000000000014c3c      0x1a3 Core/Src/main.o
 .debug_macro   0x0000000000014ddf      0x32a Core/Src/main.o
 .debug_macro   0x0000000000015109       0x16 Core/Src/main.o
 .debug_macro   0x000000000001511f       0x29 Core/Src/main.o
 .debug_macro   0x0000000000015148      0x39e Core/Src/polkadot.o
 .debug_macro   0x00000000000154e6       0x52 Core/Src/polkadot.o
 .debug_macro   0x0000000000015538       0x58 Core/Src/polkadot.o
 .debug_macro   0x0000000000015590       0x16 Core/Src/polkadot.o
 .debug_macro   0x00000000000155a6       0x10 Core/Src/polkadot.o
 .debug_macro   0x00000000000155b6       0x1c Core/Src/polkadot.o
 .debug_macro   0x00000000000155d2       0x52 Core/Src/polkadot.o
 .debug_macro   0x0000000000015624       0x40 Core/Src/polkadot.o
 .debug_macro   0x0000000000015664       0x10 Core/Src/polkadot.o
 .debug_macro   0x0000000000015674       0x40 Core/Src/polkadot.o
 .debug_macro   0x00000000000156b4       0xd7 Core/Src/polkadot.o
 .debug_macro   0x000000000001578b       0x1c Core/Src/polkadot.o
 .debug_macro   0x00000000000157a7       0x3d Core/Src/polkadot.o
 .debug_macro   0x00000000000157e4       0x16 Core/Src/polkadot.o
 .debug_macro   0x00000000000157fa      0x145 Core/Src/polkadot.o
 .debug_macro   0x000000000001593f      0x205 Core/Src/stm32f4xx_hal_msp.o
 .debug_macro   0x0000000000015b44      0x20f Core/Src/stm32f4xx_it.o
 .debug_macro   0x0000000000015d53      0x358 Core/Src/sx1276.o
 .debug_macro   0x00000000000160ab       0xee Core/Src/sysmem.o
 .debug_macro   0x0000000000016199      0x23b Core/Src/sysmem.o
 .debug_macro   0x00000000000163d4      0x1fc Core/Src/system_stm32f4xx.o
 .debug_macro   0x00000000000165d0      0x256 Drivers/STM32F4xx_HAL_Driver/Src/stm32f4xx_hal.o
 .debug_macro   0x0000000000016826      0x1f7 Drivers/STM32F4xx_HAL_Driver/Src/stm32f4xx_hal_adc.o
 .debug_macro   0x0000000000016a1d      0x1f6 Drivers/STM32F4xx_HAL_Driver/Src/stm32f4xx_hal_cortex.o
 .debug_macro   0x0000000000016c13      0x1fc Drivers/STM32F4xx_HAL_Driver/Src/stm32f4xx_hal_dma.o
 .debug_macro   0x0000000000016e0f      0x22c Drivers/STM32F4xx_HAL_Driver/Src/stm32f4xx_hal_gpio.o
 .debug_macro   0x000000000001703b      0x21a Drivers/STM32F4xx_HAL_Driver/Src/stm32f4xx_hal_rcc.o
 .debug_macro   0x0000000000017255      0x1f6 Drivers/STM32F4xx_HAL_Driver/Src/stm32f4xx_hal_rcc_ex.o
 .debug_macro   0x000000000001744b      0x1f7 Drivers/STM32F4xx_HAL_Driver/Src/stm32f4xx_hal_rtc.o
 .debug_macro   0x0000000000017642      0x205 Drivers/STM32F4xx_HAL_Driver/Src/stm32f4xx_hal_spi.o
 .debug_macro   0x0000000000017847      0x1f7 Drivers/STM32F4xx_HAL_Driver/Src/stm32f4xx_hal_uart.o

.debug_line     0x0000000000000000     0xae6b
 .debug_line    0x0000000000000000      0xa89 Core/Src/main.o
 .debug_line    0x0000000000000a89      0xc1e Core/Src/polkadot.o
 .debug_line    0x00000000000016a7      0x802 Core/Src/stm32f4xx_hal_msp.o
 .debug_line    0x0000000000001ea9      0x81d Core/Src/stm32f4xx_it.o
 .debug_line    0x00000000000026c6      0xb2f Core/Src/sx1276.o
 .debug_line    0x00000000000031f5      0x4f9 Core/Src/sysmem.o
 .debug_line    0x00000000000036ee      0x74c Core/Src/system_stm32f4xx.o
 .debug_line    0x0000000000003e3a       0x85 Core/Startup/startup_stm32f401ccux.o
 .debug_line    0x0000000000003ebf      0x936 Drivers/STM32F4xx_HAL_Driver/Src/stm32f4xx_hal.o
 .debug_line    0x00000000000047f5      0xb5c Drivers/STM32F4xx_HAL_Driver/Src/stm32f4xx_hal_adc.o
 .debug_line    0x0000000000005351      0xa5a Drivers/STM32F4xx_HAL_Driver/Src/stm32f4xx_hal_cortex.o
 .debug_line    0x0000000000005dab      0xa04 Drivers/STM32F4xx_HAL_Driver/Src/stm32f4xx_hal_dma.o
 .debug_line    0x00000000000067af      0x8d9 Drivers/STM32F4xx_HAL_Driver/Src/stm32f4xx_hal_gpio.o
 .debug_line    0x0000000000007088      0x98e Drivers/STM32F4xx_HAL_Driver/Src/stm32f4xx_hal_rcc.o
 .debug_line    0x0000000000007a16      0x859 Drivers/STM32F4xx_HAL_Driver/Src/stm32f4xx_hal_rcc_ex.o
 .debug_line    0x000000000000826f      0xac6 Drivers/STM32F4xx_HAL_Driver/Src/stm32f4xx_hal_rtc.o
 .debug_line    0x0000000000008d35     0x10f2 Drivers/STM32F4xx_HAL_Driver/Src/stm32f4xx_hal_spi.o
 .debug_line    0x0000000000009e27     0x1044 Drivers/STM32F4xx_HAL_Driver/Src/stm32f4xx_hal_uart.o

.debug_str      0x0000000000000000    0x91a06
 .debug_str     0x0000000000000000    0x8daa0 Core/Src/main.o
                                      0x8deba (size before relaxing)
 .debug_str     0x000000000008daa0     0x148f Core/Src/polkadot.o
                                      0x8e776 (size before relaxing)
 .debug_str     0x000000000008ef2f       0xc6 Core/Src/stm32f4xx_hal_msp.o
                                      0x8a39b (size before relaxing)
 .debug_str     0x000000000008eff5      0x10b Core/Src/stm32f4xx_it.o
                                      0x89a0d (size before relaxing)
 .debug_str     0x000000000008f100      0x1fd Core/Src/sx1276.o
                                      0x8e448 (size before relaxing)
 .debug_str     0x000000000008f2fd      0x4e9 Core/Src/sysmem.o
                                       0x5f53 (size before relaxing)
 .debug_str     0x000000000008f7e6       0xc4 Core/Src/system_stm32f4xx.o
                                      0x89557 (size before relaxing)
 .debug_str     0x000000000008f8aa       0x36 Core/Startup/startup_stm32f401ccux.o
                                         0x60 (size before relaxing)
 .debug_str     0x000000000008f8e0      0x58d Drivers/STM32F4xx_HAL_Driver/Src/stm32f4xx_hal.o
                                      0x89ec2 (size before relaxing)
 .debug_str     0x000000000008fe6d      0x2a2 Drivers/STM32F4xx_HAL_Driver/Src/stm32f4xx_hal_adc.o
                                      0x89adc (size before relaxing)
 .debug_str     0x000000000009010f      0x388 Drivers/STM32F4xx_HAL_Driver/Src/stm32f4xx_hal_cortex.o
                                      0x89c9f (size before relaxing)
 .debug_str     0x0000000000090497      0x31d Drivers/STM32F4xx_HAL_Driver/Src/stm32f4xx_hal_dma.o
                                      0x8995a (size before relaxing)
 .debug_str     0x00000000000907b4      0x1e7 Drivers/STM32F4xx_HAL_Driver/Src/stm32f4xx_hal_gpio.o
                                      0x89796 (size before relaxing)
 .debug_str     0x000000000009099b      0x259 Drivers/STM32F4xx_HAL_Driver/Src/stm32f4xx_hal_rcc.o
                                      0x89944 (size before relaxing)
 .debug_str     0x0000000000090bf4      0x113 Drivers/STM32F4xx_HAL_Driver/Src/stm32f4xx_hal_rcc_ex.o
                                      0x8969d (size before relaxing)
 .debug_str     0x0000000000090d07      0x298 Drivers/STM32F4xx_HAL_Driver/Src/stm32f4xx_hal_rtc.o
                                      0x898f2 (size before relaxing)
 .debug_str     0x0000000000090f9f      0x55a Drivers/STM32F4xx_HAL_Driver/Src/stm32f4xx_hal_spi.o
                                      0x89db3 (size before relaxing)
 .debug_str     0x00000000000914f9      0x50d Drivers/STM32F4xx_HAL_Driver/Src/stm32f4xx_hal_uart.o
                                      0x89d91 (size before relaxing)

.comment        0x0000000000000000       0x7b
 .comment       0x0000000000000000       0x7b Core/Src/main.o
                                         0x7c (size before relaxing)
 .comment       0x000000000000007b       0x7c Core/Src/polkadot.o
 .comment       0x000000000000007b       0x7c Core/Src/stm32f4xx_hal_msp.o
 .comment       0x000000000000007b       0x7c Core/Src/stm32f4xx_it.o
 .comment       0x000000000000007b       0x7c Core/Src/sx1276.o
 .comment       0x000000000000007b       0x7c Core/Src/sysmem.o
 .comment       0x000000000000007b       0x7c Core/Src/system_stm32f4xx.o
 .comment       0x000000000000007b       0x7c Drivers/STM32F4xx_HAL_Driver/Src/stm32f4xx_hal.o
 .comment       0x000000000000007b       0x7c Drivers/STM32F4xx_HAL_Driver/Src/stm32f4xx_hal_adc.o
 .comment       0x000000000000007b       0x7c Drivers/STM32F4xx_HAL_Driver/Src/stm32f4xx_hal_cortex.o
 .comment       0x000000000000007b       0x7c Drivers/STM32F4xx_HAL_Driver/Src/stm32f4xx_hal_dma.o
 .comment       0x000000000000007b       0x7c Drivers/STM32F4xx_HAL_Driver/Src/stm32f4xx_hal_gpio.o
 .comment       0x000000000000007b       0x7c Drivers/STM32F4xx_HAL_Driver/Src/stm32f4xx_hal_rcc.o
 .comment       0x000000000000007b       0x7c Drivers/STM32F4xx_HAL_Driver/Src/stm32f4xx_hal_rcc_ex.o
 .comment       0x000000000000007b       0x7c Drivers/STM32F4xx_HAL_Driver/Src/stm32f4xx_hal_rtc.o
 .comment       0x000000000000007b       0x7c Drivers/STM32F4xx_HAL_Driver/Src/stm32f4xx_hal_spi.o
 .comment       0x000000000000007b       0x7c Drivers/STM32F4xx_HAL_Driver/Src/stm32f4xx_hal_uart.o

.debug_frame    0x0000000000000000     0x357c
 .debug_frame   0x0000000000000000      0x1f4 Core/Src/main.o
 .debug_frame   0x00000000000001f4      0x330 Core/Src/polkadot.o
 .debug_frame   0x0000000000000524      0x168 Core/Src/stm32f4xx_hal_msp.o
 .debug_frame   0x000000000000068c      0x17c Core/Src/stm32f4xx_it.o
 .debug_frame   0x0000000000000808      0x2ac Core/Src/sx1276.o
 .debug_frame   0x0000000000000ab4       0x34 Core/Src/sysmem.o
 .debug_frame   0x0000000000000ae8       0x58 Core/Src/system_stm32f4xx.o
 .debug_frame   0x0000000000000b40      0x374 Drivers/STM32F4xx_HAL_Driver/Src/stm32f4xx_hal.o
 .debug_frame   0x0000000000000eb4      0x3fc Drivers/STM32F4xx_HAL_Driver/Src/stm32f4xx_hal_adc.o
 .debug_frame   0x00000000000012b0      0x498 Drivers/STM32F4xx_HAL_Driver/Src/stm32f4xx_hal_cortex.o
 .debug_frame   0x0000000000001748      0x250 Drivers/STM32F4xx_HAL_Driver/Src/stm32f4xx_hal_dma.o
 .debug_frame   0x0000000000001998      0x14c Drivers/STM32F4xx_HAL_Driver/Src/stm32f4xx_hal_gpio.o
 .debug_frame   0x0000000000001ae4      0x1f0 Drivers/STM32F4xx_HAL_Driver/Src/stm32f4xx_hal_rcc.o
 .debug_frame   0x0000000000001cd4       0xf0 Drivers/STM32F4xx_HAL_Driver/Src/stm32f4xx_hal_rcc_ex.o
 .debug_frame   0x0000000000001dc4      0x308 Drivers/STM32F4xx_HAL_Driver/Src/stm32f4xx_hal_rtc.o
 .debug_frame   0x00000000000020cc      0x824 Drivers/STM32F4xx_HAL_Driver/Src/stm32f4xx_hal_spi.o
 .debug_frame   0x00000000000028f0      0x844 Drivers/STM32F4xx_HAL_Driver/Src/stm32f4xx_hal_uart.o
 .debug_frame   0x0000000000003134       0x20 d:/applications/stm32cubeide_1.4.0/stm32cubeide/plugins/com.st.stm32cube.ide.mcu.externaltools.gnu-tools-for-stm32.7-2018-q2-update.win32_1.4.0.202007081208/tools/bin/../lib/gcc/arm-none-eabi/7.3.1/../../../../arm-none-eabi/lib/thumb/v7e-m/fpv4-sp/hard\libc_nano.a(lib_a-errno.o)
 .debug_frame   0x0000000000003154       0x2c d:/applications/stm32cubeide_1.4.0/stm32cubeide/plugins/com.st.stm32cube.ide.mcu.externaltools.gnu-tools-for-stm32.7-2018-q2-update.win32_1.4.0.202007081208/tools/bin/../lib/gcc/arm-none-eabi/7.3.1/../../../../arm-none-eabi/lib/thumb/v7e-m/fpv4-sp/hard\libc_nano.a(lib_a-init.o)
 .debug_frame   0x0000000000003180       0x20 d:/applications/stm32cubeide_1.4.0/stm32cubeide/plugins/com.st.stm32cube.ide.mcu.externaltools.gnu-tools-for-stm32.7-2018-q2-update.win32_1.4.0.202007081208/tools/bin/../lib/gcc/arm-none-eabi/7.3.1/../../../../arm-none-eabi/lib/thumb/v7e-m/fpv4-sp/hard\libc_nano.a(lib_a-memset.o)
 .debug_frame   0x00000000000031a0       0x48 d:/applications/stm32cubeide_1.4.0/stm32cubeide/plugins/com.st.stm32cube.ide.mcu.externaltools.gnu-tools-for-stm32.7-2018-q2-update.win32_1.4.0.202007081208/tools/bin/../lib/gcc/arm-none-eabi/7.3.1/../../../../arm-none-eabi/lib/thumb/v7e-m/fpv4-sp/hard\libc_nano.a(lib_a-rand.o)
 .debug_frame   0x00000000000031e8       0x4c d:/applications/stm32cubeide_1.4.0/stm32cubeide/plugins/com.st.stm32cube.ide.mcu.externaltools.gnu-tools-for-stm32.7-2018-q2-update.win32_1.4.0.202007081208/tools/bin/../lib/gcc/arm-none-eabi/7.3.1/../../../../arm-none-eabi/lib/thumb/v7e-m/fpv4-sp/hard\libc_nano.a(lib_a-vsnprintf.o)
 .debug_frame   0x0000000000003234       0x30 d:/applications/stm32cubeide_1.4.0/stm32cubeide/plugins/com.st.stm32cube.ide.mcu.externaltools.gnu-tools-for-stm32.7-2018-q2-update.win32_1.4.0.202007081208/tools/bin/../lib/gcc/arm-none-eabi/7.3.1/../../../../arm-none-eabi/lib/thumb/v7e-m/fpv4-sp/hard\libc_nano.a(lib_a-malloc.o)
 .debug_frame   0x0000000000003264       0x38 d:/applications/stm32cubeide_1.4.0/stm32cubeide/plugins/com.st.stm32cube.ide.mcu.externaltools.gnu-tools-for-stm32.7-2018-q2-update.win32_1.4.0.202007081208/tools/bin/../lib/gcc/arm-none-eabi/7.3.1/../../../../arm-none-eabi/lib/thumb/v7e-m/fpv4-sp/hard\libc_nano.a(lib_a-nano-freer.o)
 .debug_frame   0x000000000000329c       0x2c d:/applications/stm32cubeide_1.4.0/stm32cubeide/plugins/com.st.stm32cube.ide.mcu.externaltools.gnu-tools-for-stm32.7-2018-q2-update.win32_1.4.0.202007081208/tools/bin/../lib/gcc/arm-none-eabi/7.3.1/../../../../arm-none-eabi/lib/thumb/v7e-m/fpv4-sp/hard\libc_nano.a(lib_a-nano-mallocr.o)
 .debug_frame   0x00000000000032c8       0x90 d:/applications/stm32cubeide_1.4.0/stm32cubeide/plugins/com.st.stm32cube.ide.mcu.externaltools.gnu-tools-for-stm32.7-2018-q2-update.win32_1.4.0.202007081208/tools/bin/../lib/gcc/arm-none-eabi/7.3.1/../../../../arm-none-eabi/lib/thumb/v7e-m/fpv4-sp/hard\libc_nano.a(lib_a-nano-svfprintf.o)
 .debug_frame   0x0000000000003358       0x60 d:/applications/stm32cubeide_1.4.0/stm32cubeide/plugins/com.st.stm32cube.ide.mcu.externaltools.gnu-tools-for-stm32.7-2018-q2-update.win32_1.4.0.202007081208/tools/bin/../lib/gcc/arm-none-eabi/7.3.1/../../../../arm-none-eabi/lib/thumb/v7e-m/fpv4-sp/hard\libc_nano.a(lib_a-nano-vfprintf_i.o)
 .debug_frame   0x00000000000033b8       0x2c d:/applications/stm32cubeide_1.4.0/stm32cubeide/plugins/com.st.stm32cube.ide.mcu.externaltools.gnu-tools-for-stm32.7-2018-q2-update.win32_1.4.0.202007081208/tools/bin/../lib/gcc/arm-none-eabi/7.3.1/../../../../arm-none-eabi/lib/thumb/v7e-m/fpv4-sp/hard\libc_nano.a(lib_a-sbrkr.o)
 .debug_frame   0x00000000000033e4       0x28 d:/applications/stm32cubeide_1.4.0/stm32cubeide/plugins/com.st.stm32cube.ide.mcu.externaltools.gnu-tools-for-stm32.7-2018-q2-update.win32_1.4.0.202007081208/tools/bin/../lib/gcc/arm-none-eabi/7.3.1/../../../../arm-none-eabi/lib/thumb/v7e-m/fpv4-sp/hard\libc_nano.a(lib_a-memcpy-stub.o)
 .debug_frame   0x000000000000340c       0x28 d:/applications/stm32cubeide_1.4.0/stm32cubeide/plugins/com.st.stm32cube.ide.mcu.externaltools.gnu-tools-for-stm32.7-2018-q2-update.win32_1.4.0.202007081208/tools/bin/../lib/gcc/arm-none-eabi/7.3.1/../../../../arm-none-eabi/lib/thumb/v7e-m/fpv4-sp/hard\libc_nano.a(lib_a-memmove.o)
 .debug_frame   0x0000000000003434       0x30 d:/applications/stm32cubeide_1.4.0/stm32cubeide/plugins/com.st.stm32cube.ide.mcu.externaltools.gnu-tools-for-stm32.7-2018-q2-update.win32_1.4.0.202007081208/tools/bin/../lib/gcc/arm-none-eabi/7.3.1/../../../../arm-none-eabi/lib/thumb/v7e-m/fpv4-sp/hard\libc_nano.a(lib_a-mlock.o)
 .debug_frame   0x0000000000003464       0x3c d:/applications/stm32cubeide_1.4.0/stm32cubeide/plugins/com.st.stm32cube.ide.mcu.externaltools.gnu-tools-for-stm32.7-2018-q2-update.win32_1.4.0.202007081208/tools/bin/../lib/gcc/arm-none-eabi/7.3.1/../../../../arm-none-eabi/lib/thumb/v7e-m/fpv4-sp/hard\libc_nano.a(lib_a-nano-reallocr.o)
 .debug_frame   0x00000000000034a0       0x5c d:/applications/stm32cubeide_1.4.0/stm32cubeide/plugins/com.st.stm32cube.ide.mcu.externaltools.gnu-tools-for-stm32.7-2018-q2-update.win32_1.4.0.202007081208/tools/bin/../lib/gcc/arm-none-eabi/7.3.1/../../../../arm-none-eabi/lib/thumb/v7e-m/fpv4-sp/hard\libc_nano.a(lib_a-reent.o)
 .debug_frame   0x00000000000034fc       0x20 d:/applications/stm32cubeide_1.4.0/stm32cubeide/plugins/com.st.stm32cube.ide.mcu.externaltools.gnu-tools-for-stm32.7-2018-q2-update.win32_1.4.0.202007081208/tools/bin/../lib/gcc/arm-none-eabi/7.3.1/../../../../arm-none-eabi/lib/thumb/v7e-m/fpv4-sp/hard\libc_nano.a(lib_a-nano-msizer.o)
 .debug_frame   0x000000000000351c       0x2c d:/applications/stm32cubeide_1.4.0/stm32cubeide/plugins/com.st.stm32cube.ide.mcu.externaltools.gnu-tools-for-stm32.7-2018-q2-update.win32_1.4.0.202007081208/tools/bin/../lib/gcc/arm-none-eabi/7.3.1/thumb/v7e-m/fpv4-sp/hard\libgcc.a(_aeabi_uldivmod.o)
 .debug_frame   0x0000000000003548       0x34 d:/applications/stm32cubeide_1.4.0/stm32cubeide/plugins/com.st.stm32cube.ide.mcu.externaltools.gnu-tools-for-stm32.7-2018-q2-update.win32_1.4.0.202007081208/tools/bin/../lib/gcc/arm-none-eabi/7.3.1/thumb/v7e-m/fpv4-sp/hard\libgcc.a(_udivmoddi4.o)
